ARM Linker, 4.1 [Build 481] [Standard]

==============================================================================

Section Cross References

    stm32f10x.o(STACK) refers (Special) to heapauxi.o(.text) for __use_two_region_memory
    stm32f10x.o(HEAP) refers (Special) to heapauxi.o(.text) for __use_two_region_memory
    stm32f10x.o(RESET) refers (Special) to heapauxi.o(.text) for __use_two_region_memory
    stm32f10x.o(RESET) refers to stm32f10x.o(STACK) for __initial_sp
    stm32f10x.o(RESET) refers to stm32f10x.o(.text) for Reset_Handler
    stm32f10x.o(RESET) refers to rtc.o(.text) for RTC_IRQHandler
    stm32f10x.o(RESET) refers to exti.o(.text) for EXTI1_IRQHandler
    stm32f10x.o(RESET) refers to timer.o(.text) for TIM2_IRQHandler
    stm32f10x.o(RESET) refers to usart.o(.text) for USART1_IRQHandler
    stm32f10x.o(.text) refers (Special) to heapauxi.o(.text) for __use_two_region_memory
    stm32f10x.o(.text) refers to __main.o(!!!main) for __main
    stm32f10x.o(.text) refers to stm32f10x.o(HEAP) for Heap_Mem
    stm32f10x.o(.text) refers to stm32f10x.o(STACK) for Stack_Mem
    main.o(.text) refers to sys.o(.text) for Stm32_Clock_Init
    main.o(.text) refers to delay.o(.text) for delay_init
    main.o(.text) refers to usart.o(.text) for uart_init
    main.o(.text) refers to timer.o(.text) for Timer2Init
    main.o(.text) refers to adc.o(.text) for AdcInit
    main.o(.text) refers to led.o(.text) for LED_Init
    main.o(.text) refers to exti.o(.text) for EXTIX_Init
    main.o(.text) refers to reverse.o(.text) for Reverse_Init
    main.o(.text) refers to buzzer.o(.text) for Buzzer_Init
    main.o(.text) refers to display.o(.text) for Display
    adc.o(.text) refers to delay.o(.text) for delay_us
    adc.o(.text) refers to fflt_clz.o(x$fpl$ffltu) for __aeabi_ui2f
    adc.o(.text) refers to f2d.o(x$fpl$f2d) for __aeabi_f2d
    adc.o(.text) refers to dmul.o(x$fpl$dmul) for __aeabi_dmul
    adc.o(.text) refers to d2f.o(x$fpl$d2f) for __aeabi_d2f
    adc.o(.text) refers to daddsub_clz.o(x$fpl$drsb) for __aeabi_drsub
    adc.o(.text) refers to fmul.o(x$fpl$fmul) for __aeabi_fmul
    adc.o(.text) refers to ddiv.o(x$fpl$ddiv) for __aeabi_ddiv
    adc.o(.text) refers to fdiv.o(x$fpl$fdiv) for __aeabi_fdiv
    adc.o(.text) refers to log.o(i.log) for log
    adc.o(.text) refers to daddsub_clz.o(x$fpl$dadd) for __aeabi_dadd
    adc.o(.text) refers to daddsub_clz.o(x$fpl$dsub) for __aeabi_dsub
    adc.o(.text) refers to adc.o(.data) for adcNavKey
    adc.o(.text) refers to dflt_clz.o(x$fpl$dfltu) for __aeabi_ui2d
    adc.o(.text) refers to exti.o(.text) for NavKey
    adc.o(.text) refers to ffixu.o(x$fpl$ffixu) for __aeabi_f2uiz
    adc.o(.text) refers to led.o(.text) for PortationDisplay
    exti.o(.text) refers to delay.o(.text) for delay_ms
    exti.o(.text) refers to exti.o(.data) for menu
    exti.o(.text) refers to timer.o(.data) for temp_hour
    exti.o(.text) refers to timer.o(.bss) for stopWatch
    exti.o(.text) refers to sys.o(.text) for Ex_NVIC_Config
    key.o(.text) refers to delay.o(.text) for delay_ms
    key.o(.text) refers to key.o(.data) for key_up
    led.o(.text) refers to led.o(.data) for segTable
    timer.o(.text) refers to sys.o(.text) for MY_NVIC_Init
    timer.o(.text) refers to rtc.o(.text) for Is_Leap_Year
    timer.o(.text) refers to rtc.o(.constdata) for table_week
    timer.o(.text) refers to timer.o(.data) for daycnt
    timer.o(.text) refers to timer.o(.bss) for calendar1
    timer.o(.text) refers to buzzer.o(.text) for Buzzer_s
    timer.o(.text) refers to exti.o(.data) for stopPage
    display.o(.text) refers to led.o(.text) for SetLed
    display.o(.text) refers to delay.o(.text) for delay_ms
    display.o(.text) refers to fdiv.o(x$fpl$fdiv) for __aeabi_fdiv
    display.o(.text) refers to ffixu.o(x$fpl$ffixu) for __aeabi_f2uiz
    display.o(.text) refers to fmul.o(x$fpl$fmul) for __aeabi_fmul
    display.o(.text) refers to timer.o(.bss) for calendar1
    display.o(.text) refers to exti.o(.data) for menu
    display.o(.text) refers to timer.o(.data) for temp_hour
    display.o(.text) refers to adc.o(.text) for AdcDescen
    display.o(.text) refers to rtc.o(.text) for RTC_Get
    display.o(.text) refers to adc.o(.data) for adcTemperature
    buzzer.o(.text) refers to led.o(.text) for LedValue
    buzzer.o(.text) refers to delay.o(.text) for delay_ms
    rtc.o(.text) refers to delay.o(.text) for delay_ms
    rtc.o(.text) refers to sys.o(.text) for MY_NVIC_Init
    rtc.o(.text) refers to rtc.o(.constdata) for table_week
    rtc.o(.text) refers to rtc.o(.data) for daycnt
    rtc.o(.text) refers to rtc.o(.bss) for calendar
    delay.o(.text) refers to delay.o(.data) for fac_us
    sys.o(.text) refers to sys.o(.emb_text) for WFI_SET
    usart.o(.text) refers (Special) to use_no_semi_2.o(.text) for __use_no_semihosting
    usart.o(.text) refers to _printf_percent.o(.ARM.Collect$$_printf_percent$$00000000) for _printf_percent
[...]
    rtentry.o(.ARM.Collect$$rtentry$$00000000) refers (Special) to rtentry2.o(.ARM.Collect$$rtentry$$0000000C) for __rt_entry_postli_1
    rtentry.o(.ARM.Collect$$rtentry$$00000000) refers (Special) to rtentry2.o(.ARM.Collect$$rtentry$$00000009) for __rt_entry_postsh_1
    rtentry.o(.ARM.Collect$$rtentry$$00000000) refers (Special) to rtentry2.o(.ARM.Collect$$rtentry$$00000002) for __rt_entry_presh_1
    rtentry.o(.ARM.Collect$$rtentry$$00000000) refers (Special) to rtentry4.o(.ARM.Collect$$rtentry$$00000004) for __rt_entry_sh
    rtentry.o(.ARM.exidx) refers (Special) to rtentry2.o(.ARM.Collect$$rtentry$$0000000A) for __rt_entry_li
    rtentry.o(.ARM.exidx) refers (Special) to rtentry2.o(.ARM.Collect$$rtentry$$0000000D) for __rt_entry_main
    rtentry.o(.ARM.exidx) refers (Special) to rtentry2.o(.ARM.Collect$$rtentry$$0000000C) for __rt_entry_postli_1
    rtentry.o(.ARM.exidx) refers (Special) to rtentry2.o(.ARM.Collect$$rtentry$$00000009) for __rt_entry_postsh_1
    rtentry.o(.ARM.exidx) refers (Special) to rtentry2.o(.ARM.Collect$$rtentry$$00000002) for __rt_entry_presh_1
    rtentry.o(.ARM.exidx) refers (Special) to rtentry4.o(.ARM.Collect$$rtentry$$00000004) for __rt_entry_sh
    rtentry.o(.ARM.exidx) refers to rtentry.o(.ARM.Collect$$rtentry$$00000000) for .ARM.Collect$$rtentry$$00000000
    _rserrno.o(.text) refers to rt_errno_addr_intlibspace.o(.text) for __aeabi_errno_addr
    _printf_char.o(.text) refers (Weak) to _printf_str.o(.text) for _printf_str
    _printf_char_file.o(.text) refers to _printf_char_common.o(.text) for _printf_char_common
    _printf_char_file.o(.text) refers to ferror.o(.text) for ferror
    _printf_char_file.o(.text) refers to usart.o(.text) for fputc
    deqf.o(x$fpl$deqf) refers (Special) to usenofp.o(x$fpl$usenofp) for __I$use$fp
    deqf.o(x$fpl$deqf) refers to dnaninf.o(x$fpl$dnaninf) for __fpl_dnaninf
    deqf.o(x$fpl$deqf) refers to dcmpi.o(x$fpl$dcmpinf) for __fpl_dcmp_Inf
    dnaninf.o(x$fpl$dnaninf) refers (Special) to usenofp.o(x$fpl$usenofp) for __I$use$fp
    dretinf.o(x$fpl$dretinf) refers (Special) to usenofp.o(x$fpl$usenofp) for __I$use$fp
    fnaninf.o(x$fpl$fnaninf) refers (Special) to usenofp.o(x$fpl$usenofp) for __I$use$fp
    fretinf.o(x$fpl$fretinf) refers (Special) to usenofp.o(x$fpl$usenofp) for __I$use$fp
    scalbn.o(x$fpl$scalbnl) refers (Special) to usenofp.o(x$fpl$usenofp) for __I$use$fp
    scalbn.o(x$fpl$scalbnl) refers to scalbn.o(x$fpl$scalbn) for scalbn
    scalbn.o(x$fpl$scalblnl) refers (Special) to usenofp.o(x$fpl$usenofp) for __I$use$fp
    scalbn.o(x$fpl$scalblnl) refers to scalbn.o(x$fpl$scalbn) for scalbn
    scalbn.o(x$fpl$scalbln) refers (Special) to usenofp.o(x$fpl$usenofp) for __I$use$fp
    scalbn.o(x$fpl$scalbln) refers to scalbn.o(x$fpl$scalbn) for scalbn
    scalbn.o(x$fpl$scalbn) refers (Special) to usenofp.o(x$fpl$usenofp) for __I$use$fp
    scalbn.o(x$fpl$scalbn) refers to dcheck1.o(x$fpl$dcheck1) for __fpl_dcheck_NaN1
    poly.o(i.__kernel_poly) refers (Special) to usenofp.o(x$fpl$usenofp) for __I$use$fp
    poly.o(i.__kernel_poly) refers to dmul.o(x$fpl$dmul) for __aeabi_dmul
    poly.o(i.__kernel_poly) refers to daddsub_clz.o(x$fpl$dadd) for __aeabi_dadd
    qnan.o(.constdata) refers (Special) to usenofp.o(x$fpl$usenofp) for __I$use$fp
    rtentry2.o(.ARM.Collect$$rtentry$$00000008) refers to boardinit2.o(.text) for _platform_post_stackheap_init
    rtentry2.o(.ARM.Collect$$rtentry$$0000000A) refers to libinit.o(.ARM.Collect$$libinit$$00000000) for __rt_lib_init
    rtentry2.o(.ARM.Collect$$rtentry$$0000000B) refers to boardinit3.o(.text) for _platform_post_lib_init
    rtentry2.o(.ARM.Collect$$rtentry$$0000000D) refers to main.o(.text) for main
    rtentry2.o(.ARM.Collect$$rtentry$$0000000D) refers to exit.o(.text) for exit
    rtentry2.o(.ARM.exidx) refers to rtentry2.o(.ARM.Collect$$rtentry$$00000001) for .ARM.Collect$$rtentry$$00000001
    rtentry2.o(.ARM.exidx) refers to rtentry2.o(.ARM.Collect$$rtentry$$00000002) for .ARM.Collect$$rtentry$$00000002
    rtentry2.o(.ARM.exidx) refers to rtentry2.o(.ARM.Collect$$rtentry$$00000008) for .ARM.Collect$$rtentry$$00000008
    rtentry2.o(.ARM.exidx) refers to rtentry2.o(.ARM.Collect$$rtentry$$00000009) for .ARM.Collect$$rtentry$$00000009
    rtentry2.o(.ARM.exidx) refers to rtentry2.o(.ARM.Collect$$rtentry$$0000000A) for .ARM.Collect$$rtentry$$0000000A
    rtentry2.o(.ARM.exidx) refers to rtentry2.o(.ARM.Collect$$rtentry$$0000000B) for .ARM.Collect$$rtentry$$0000000B
    rtentry2.o(.ARM.exidx) refers to rtentry2.o(.ARM.Collect$$rtentry$$0000000C) for .ARM.Collect$$rtentry$$0000000C
    rtentry2.o(.ARM.exidx) refers to rtentry2.o(.ARM.Collect$$rtentry$$0000000D) for .ARM.Collect$$rtentry$$0000000D
    rtentry4.o(.ARM.Collect$$rtentry$$00000004) refers to sys_stackheap_outer.o(.text) for __user_setup_stackheap
    rtentry4.o(.ARM.exidx) refers to rtentry4.o(.ARM.Collect$$rtentry$$00000004) for .ARM.Collect$$rtentry$$00000004
    rt_errno_addr.o(.text) refers to rt_errno_addr.o(.bss) for __aeabi_errno_addr_data
    rt_errno_addr_intlibspace.o(.text) refers to libspace.o(.bss) for __libspace_start
    _printf_char_common.o(.text) refers to __printf.o(.text) for __printf
    dcheck1.o(x$fpl$dcheck1) refers (Special) to usenofp.o(x$fpl$usenofp) for __I$use$fp
    dcheck1.o(x$fpl$dcheck1) refers to retnan.o(x$fpl$retnan) for __fpl_return_NaN
    dcmpi.o(x$fpl$dcmpinf) refers (Special) to usenofp.o(x$fpl$usenofp) for __I$use$fp
    libspace.o(.text) refers to libspace.o(.bss) for __libspace_start
    sys_stackheap_outer.o(.text) refers to libspace.o(.text) for __user_perproc_libspace
    sys_stackheap_outer.o(.text) refers to stm32f10x.o(.text) for __user_initial_stackheap
    exit.o(.text) refers to rtexit.o(.ARM.Collect$$rtexit$$00000000) for __rt_exit
    libinit.o(.ARM.Collect$$libinit$$00000000) refers (Special) to libinit2.o(.ARM.Collect$$libinit$$0000002A) for __rt_lib_init_alloca_1
    libinit.o(.ARM.Collect$$libinit$$00000000) refers (Special) to libinit2.o(.ARM.Collect$$libinit$$00000028) for __rt_lib_init_argv_1
    libinit.o(.ARM.Collect$$libinit$$00000000) refers (Special) to libinit2.o(.ARM.Collect$$libinit$$00000017) for __rt_lib_init_atexit_1
    libinit.o(.ARM.Collect$$libinit$$00000000) refers (Special) to libinit2.o(.ARM.Collect$$libinit$$0000001D) for __rt_lib_init_clock_1
    libinit.o(.ARM.Collect$$libinit$$00000000) refers (Special) to libinit2.o(.ARM.Collect$$libinit$$0000002E) for __rt_lib_init_cpp_1
    libinit.o(.ARM.Collect$$libinit$$00000000) refers (Special) to libinit2.o(.ARM.Collect$$libinit$$0000002C) for __rt_lib_init_exceptions_1
    libinit.o(.ARM.Collect$$libinit$$00000000) refers (Special) to libinit2.o(.ARM.Collect$$libinit$$0000001B) for __rt_lib_init_fp_trap_1
    libinit.o(.ARM.Collect$$libinit$$00000000) refers (Special) to libinit2.o(.ARM.Collect$$libinit$$0000001F) for __rt_lib_init_getenv_1
    libinit.o(.ARM.Collect$$libinit$$00000000) refers (Special) to libinit2.o(.ARM.Collect$$libinit$$00000006) for __rt_lib_init_heap_1
    libinit.o(.ARM.Collect$$libinit$$00000000) refers (Special) to libinit2.o(.ARM.Collect$$libinit$$0000000D) for __rt_lib_init_lc_collate_1
    libinit.o(.ARM.Collect$$libinit$$00000000) refers (Special) to libinit2.o(.ARM.Collect$$libinit$$0000000F) for __rt_lib_init_lc_ctype_1
    libinit.o(.ARM.Collect$$libinit$$00000000) refers (Special) to libinit2.o(.ARM.Collect$$libinit$$00000011) for __rt_lib_init_lc_monetary_1
    libinit.o(.ARM.Collect$$libinit$$00000000) refers (Special) to libinit2.o(.ARM.Collect$$libinit$$00000013) for __rt_lib_init_lc_numeric_1
    libinit.o(.ARM.Collect$$libinit$$00000000) refers (Special) to libinit2.o(.ARM.Collect$$libinit$$00000015) for __rt_lib_init_lc_time_1
    libinit.o(.ARM.Collect$$libinit$$00000000) refers (Special) to libinit2.o(.ARM.Collect$$libinit$$0000000A) for __rt_lib_init_rand_1
    libinit.o(.ARM.Collect$$libinit$$00000000) refers (Special) to libinit2.o(.ARM.Collect$$libinit$$0000002F) for __rt_lib_init_return
    libinit.o(.ARM.Collect$$libinit$$00000000) refers (Special) to libinit2.o(.ARM.Collect$$libinit$$00000019) for __rt_lib_init_signal_1
    libinit.o(.ARM.Collect$$libinit$$00000000) refers (Special) to libinit2.o(.ARM.Collect$$libinit$$00000021) for __rt_lib_init_stdio_1
    libinit.o(.ARM.Collect$$libinit$$00000000) refers (Special) to libinit2.o(.ARM.Collect$$libinit$$00000008) for __rt_lib_init_user_alloc_1
    libinit.o(.ARM.Collect$$libinit$$00000000) refers to fpinit.o(x$fpl$fpinit) for _fp_init
    retnan.o(x$fpl$retnan) refers (Special) to usenofp.o(x$fpl$usenofp) for __I$use$fp
    retnan.o(x$fpl$retnan) refers to trapv.o(x$fpl$trapveneer) for __fpl_cmpreturn
    rtexit.o(.ARM.Collect$$rtexit$$00000000) refers (Special) to rtexit2.o(.ARM.Collect$$rtexit$$00000004) for __rt_exit_exit
    rtexit.o(.ARM.Collect$$rtexit$$00000000) refers (Special) to rtexit2.o(.ARM.Collect$$rtexit$$00000003) for __rt_exit_ls
    rtexit.o(.ARM.Collect$$rtexit$$00000000) refers (Special) to rtexit2.o(.ARM.Collect$$rtexit$$00000002) for __rt_exit_prels_1
    rtexit.o(.ARM.exidx) refers (Special) to rtexit2.o(.ARM.Collect$$rtexit$$00000004) for __rt_exit_exit
    rtexit.o(.ARM.exidx) refers (Special) to rtexit2.o(.ARM.Collect$$rtexit$$00000003) for __rt_exit_ls
    rtexit.o(.ARM.exidx) refers (Special) to rtexit2.o(.ARM.Collect$$rtexit$$00000002) for __rt_exit_prels_1
    rtexit.o(.ARM.exidx) refers to rtexit.o(.ARM.Collect$$rtexit$$00000000) for .ARM.Collect$$rtexit$$00000000
    libinit2.o(.ARM.Collect$$libinit$$0000000C) refers to libinit2.o(.ARM.Collect$$libinit$$0000000B) for .ARM.Collect$$libinit$$0000000B
    libinit2.o(.ARM.Collect$$libinit$$0000000E) refers to libinit2.o(.ARM.Collect$$libinit$$0000000B) for .ARM.Collect$$libinit$$0000000B
    libinit2.o(.ARM.Collect$$libinit$$00000010) refers to libinit2.o(.ARM.Collect$$libinit$$0000000B) for .ARM.Collect$$libinit$$0000000B
    libinit2.o(.ARM.Collect$$libinit$$00000012) refers to libinit2.o(.ARM.Collect$$libinit$$0000000B) for .ARM.Collect$$libinit$$0000000B
    libinit2.o(.ARM.Collect$$libinit$$00000014) refers to libinit2.o(.ARM.Collect$$libinit$$0000000B) for .ARM.Collect$$libinit$$0000000B
    libinit2.o(.ARM.Collect$$libinit$$00000022) refers to argv_veneer.o(.emb_text) for __ARM_argv_veneer
    libinit2.o(.ARM.Collect$$libinit$$00000023) refers to argv_veneer.o(.emb_text) for __ARM_argv_veneer
    fpinit.o(x$fpl$fpinit) refers to rt_fp_status_addr_intlibspace.o(.text) for __rt_fp_status_addr
    trapv.o(x$fpl$trapveneer) refers (Special) to usenofp.o(x$fpl$usenofp) for __I$use$fp
    rtexit2.o(.ARM.Collect$$rtexit$$00000003) refers to libshutdown.o(.ARM.Collect$$libshutdown$$00000000) for __rt_lib_shutdown
    rtexit2.o(.ARM.Collect$$rtexit$$00000004) refers to usart.o(.text) for _sys_exit
    rtexit2.o(.ARM.exidx) refers to rtexit2.o(.ARM.Collect$$rtexit$$00000001) for .ARM.Collect$$rtexit$$00000001
    rtexit2.o(.ARM.exidx) refers to rtexit2.o(.ARM.Collect$$rtexit$$00000002) for .ARM.Collect$$rtexit$$00000002
    rtexit2.o(.ARM.exidx) refers to rtexit2.o(.ARM.Collect$$rtexit$$00000003) for .ARM.Collect$$rtexit$$00000003
    rtexit2.o(.ARM.exidx) refers to rtexit2.o(.ARM.Collect$$rtexit$$00000004) for .ARM.Collect$$rtexit$$00000004
    rt_fp_status_addr.o(.text) refers to rt_fp_status_addr.o(.bss) for __rt_fp_status_addr_data
    rt_fp_status_addr_intlibspace.o(.text) refers to libspace.o(.bss) for __libspace_start
    argv_veneer.o(.emb_text) refers to no_argv.o(.text) for __ARM_get_argv
    _get_argv_nomalloc.o(.text) refers (Special) to hrguard.o(.text) for __heap_region$guard
    _get_argv_nomalloc.o(.text) refers to defsig_rtmem_outer.o(.text) for __rt_SIGRTMEM
    _get_argv_nomalloc.o(.text) refers to sys_command.o(.text) for _sys_command_string
    libshutdown.o(.ARM.Collect$$libshutdown$$00000000) refers (Special) to libshutdown2.o(.ARM.Collect$$libshutdown$$00000006) for __rt_lib_shutdown_fp_trap_1
    libshutdown.o(.ARM.Collect$$libshutdown$$00000000) refers (Special) to libshutdown2.o(.ARM.Collect$$libshutdown$$0000000E) for __rt_lib_shutdown_heap_1
    libshutdown.o(.ARM.Collect$$libshutdown$$00000000) refers (Special) to libshutdown2.o(.ARM.Collect$$libshutdown$$0000000F) for __rt_lib_shutdown_return
    libshutdown.o(.ARM.Collect$$libshutdown$$00000000) refers (Special) to libshutdown2.o(.ARM.Collect$$libshutdown$$00000009) for __rt_lib_shutdown_signal_1
    libshutdown.o(.ARM.Collect$$libshutdown$$00000000) refers (Special) to libshutdown2.o(.ARM.Collect$$libshutdown$$00000003) for __rt_lib_shutdown_stdio_1
    libshutdown.o(.ARM.Collect$$libshutdown$$00000000) refers (Special) to libshutdown2.o(.ARM.Collect$$libshutdown$$0000000B) for __rt_lib_shutdown_user_alloc_1
    sys_command.o(.text) refers (Special) to use_no_semi.o(.text) for __I$use$semihosting
    defsig_rtmem_outer.o(.text) refers to defsig_rtmem_inner.o(.text) for __rt_SIGRTMEM_inner
    defsig_rtmem_outer.o(.text) refers to defsig_exit.o(.text) for __sig_exit
    defsig_rtmem_formal.o(.text) refers to rt_raise.o(.text) for __rt_raise
    rt_raise.o(.text) refers to __raise.o(.text) for __raise
    rt_raise.o(.text) refers to usart.o(.text) for _sys_exit
    defsig_exit.o(.text) refers to usart.o(.text) for _sys_exit
    defsig_rtmem_inner.o(.text) refers to defsig_general.o(.text) for __default_signal_display
    __raise.o(.text) refers to defsig.o(CL$$defsig) for __default_signal_handler
    defsig_general.o(.text) refers to sys_wrch.o(.text) for _ttywrch
    sys_wrch.o(.text) refers (Special) to use_no_semi.o(.text) for __I$use$semihosting
    defsig.o(CL$$defsig) refers to defsig_rtmem_inner.o(.text) for __rt_SIGRTMEM_inner
    defsig_abrt_inner.o(.text) refers to defsig_general.o(.text) for __default_signal_display
    defsig_fpe_inner.o(.text) refers to defsig_general.o(.text) for __default_signal_display
    defsig_rtred_inner.o(.text) refers to defsig_general.o(.text) for __default_signal_display
    defsig_stak_inner.o(.text) refers to defsig_general.o(.text) for __default_signal_display
    defsig_pvfn_inner.o(.text) refers to defsig_general.o(.text) for __default_signal_display
    defsig_cppl_inner.o(.text) refers to defsig_general.o(.text) for __default_signal_display
    defsig_segv_inner.o(.text) refers to defsig_general.o(.text) for __default_signal_display
    defsig_other.o(.text) refers to defsig_general.o(.text) for __default_signal_display


==============================================================================

Removing Unused input sections from the image.

    Removing key.o(.text), (164 bytes).
    Removing key.o(.data), (1 bytes).

2 unused section(s) (total 165 bytes) removed from the image.

==============================================================================

Image Symbol Table

    Local Symbols

    Symbol Name                              Value     Ov Type        Size  Object(Section)

    ../../angel/boardlib.s                   0x00000000   Number         0  boardinit3.o ABSOLUTE
    ../../angel/boardlib.s                   0x00000000   Number         0  boardshut.o ABSOLUTE
    ../../angel/boardlib.s                   0x00000000   Number         0  boardinit2.o ABSOLUTE
    ../../angel/boardlib.s                   0x00000000   Number         0  boardinit1.o ABSOLUTE
    ../../angel/handlers.s                   0x00000000   Number         0  __scatter_zi.o ABSOLUTE
    ../../angel/handlers.s                   0x00000000   Number         0  __scatter_copy.o ABSOLUTE
    ../../angel/kernel.s                     0x00000000   Number         0  rtentry4.o ABSOLUTE
    ../../angel/kernel.s                     0x00000000   Number         0  rtexit.o ABSOLUTE
    ../../angel/kernel.s                     0x00000000   Number         0  rtentry2.o ABSOLUTE
    ../../angel/kernel.s                     0x00000000   Number         0  rtexit2.o ABSOLUTE
    ../../angel/kernel.s                     0x00000000   Number         0  rtentry.o ABSOLUTE
    ../../angel/rt.s                         0x00000000   Number         0  rt_errno_addr.o ABSOLUTE
    ../../angel/rt.s                         0x00000000   Number         0  rt_fp_status_addr_intlibspace.o ABSOLUTE
    ../../angel/rt.s                         0x00000000   Number         0  rt_errno_addr_intlibspace.o ABSOLUTE
    ../../angel/rt.s                         0x00000000   Number         0  rt_fp_status_addr.o ABSOLUTE
    ../../angel/rt.s                         0x00000000   Number         0  rt_raise.o ABSOLUTE
    ../../angel/scatter.s                    0x00000000   Number         0  __scatter.o ABSOLUTE
    ../../angel/startup.s                    0x00000000   Number         0  __main.o ABSOLUTE
    ../../angel/sys.s                        0x00000000   Number         0  sys_stackheap_outer.o ABSOLUTE
    ../../angel/sys.s                        0x00000000   Number         0  use_no_semi.o ABSOLUTE
    ../../angel/sys.s                        0x00000000   Number         0  use_no_semi_2.o ABSOLUTE
    ../../angel/sys.s                        0x00000000   Number         0  libspace.o ABSOLUTE
    ../../angel/sysapp.c                     0x00000000   Number         0  sys_wrch.o ABSOLUTE
    ../../angel/sysapp.c                     0x00000000   Number         0  sys_command.o ABSOLUTE
    ../../armsys.c                           0x00000000   Number         0  _get_argv_nomalloc.o ABSOLUTE
    ../../armsys.c                           0x00000000   Number         0  argv_veneer.o ABSOLUTE
    ../../armsys.c                           0x00000000   Number         0  no_argv.o ABSOLUTE
    ../../armsys.c                           0x00000000   Number         0  argv_veneer.o ABSOLUTE
    ../../d2f.s                              0x00000000   Number         0  d2f.o ABSOLUTE
    ../../daddsub.s                          0x00000000   Number         0  daddsub_clz.o ABSOLUTE
    ../../dcheck1.s                          0x00000000   Number         0  dcheck1.o ABSOLUTE
    ../../dcmpi.s                            0x00000000   Number         0  dcmpi.o ABSOLUTE
    ../../ddiv.s                             0x00000000   Number         0  ddiv.o ABSOLUTE
    ../../deqf.s                             0x00000000   Number         0  deqf.o ABSOLUTE
    ../../dflt.s                             0x00000000   Number         0  dflt_clz.o ABSOLUTE
    ../../dmul.s                             0x00000000   Number         0  dmul.o ABSOLUTE
    ../../dnaninf.s                          0x00000000   Number         0  dnaninf.o ABSOLUTE
    ../../dretinf.s                          0x00000000   Number         0  dretinf.o ABSOLUTE
    ../../f2d.s                              0x00000000   Number         0  f2d.o ABSOLUTE
    ../../faddsub.s                          0x00000000   Number         0  faddsub_clz.o ABSOLUTE
    ../../fdiv.s                             0x00000000   Number         0  fdiv.o ABSOLUTE
    ../../fenv.c                             0x00000000   Number         0  _rserrno.o ABSOLUTE
    ../../ffixu.s                            0x00000000   Number         0  ffixu.o ABSOLUTE
    ../../fflt.s                             0x00000000   Number         0  fflt_clz.o ABSOLUTE
    ../../fmul.s                             0x00000000   Number         0  fmul.o ABSOLUTE
    ../../fnaninf.s                          0x00000000   Number         0  fnaninf.o ABSOLUTE
    ../../fpinit.s                           0x00000000   Number         0  fpinit.o ABSOLUTE
    ../../fretinf.s                          0x00000000   Number         0  fretinf.o ABSOLUTE
    ../../heapalloc.c                        0x00000000   Number         0  hrguard.o ABSOLUTE
    ../../heapaux.c                          0x00000000   Number         0  heapauxi.o ABSOLUTE
    ../../libinit.s                          0x00000000   Number         0  libinit.o ABSOLUTE
    ../../libinit.s                          0x00000000   Number         0  libinit2.o ABSOLUTE
    ../../libinit.s                          0x00000000   Number         0  libshutdown2.o ABSOLUTE
    ../../libinit.s                          0x00000000   Number         0  libshutdown.o ABSOLUTE
    ../../log.c                              0x00000000   Number         0  log.o ABSOLUTE
    ../../log.c                              0x00000000   Number         0  log_x.o ABSOLUTE
    ../../poly.c                             0x00000000   Number         0  poly.o ABSOLUTE
    ../../printf.c                           0x00000000   Number         0  __printf.o ABSOLUTE
    ../../printf.c                           0x00000000   Number         0  _printf_str.o ABSOLUTE
    ../../printf.c                           0x00000000   Number         0  _printf_char_common.o ABSOLUTE
    ../../printf.c                           0x00000000   Number         0  __printf_flags.o ABSOLUTE
    ../../printf.c                           0x00000000   Number         0  __printf_ss.o ABSOLUTE
    ../../printf.c                           0x00000000   Number         0  __printf_wp.o ABSOLUTE
    ../../printf.c                           0x00000000   Number         0  __printf_flags_wp.o ABSOLUTE
    ../../printf.c                           0x00000000   Number         0  __printf_ss_wp.o ABSOLUTE
    ../../printf.c                           0x00000000   Number         0  __printf_flags_ss_wp.o ABSOLUTE
    ../../printf.c                           0x00000000   Number         0  __printf_nopercent.o ABSOLUTE
    ../../printf.c                           0x00000000   Number         0  __printf_flags_ss.o ABSOLUTE
    ../../printf.c                           0x00000000   Number         0  _printf_char.o ABSOLUTE
    ../../printf.c                           0x00000000   Number         0  _printf_char_file.o ABSOLUTE
    ../../printf.c                           0x00000000   Number         0  __2printf.o ABSOLUTE
    ../../printf.c                           0x00000000   Number         0  noretval__2printf.o ABSOLUTE
    ../../printf_percent.s                   0x00000000   Number         0  _printf_s.o ABSOLUTE
    ../../printf_percent.s                   0x00000000   Number         0  _printf_percent_end.o ABSOLUTE
    ../../printf_percent.s                   0x00000000   Number         0  _printf_percent.o ABSOLUTE
    ../../qnan.c                             0x00000000   Number         0  qnan.o ABSOLUTE
    ../../retnan.s                           0x00000000   Number         0  retnan.o ABSOLUTE
    ../../scalbn.s                           0x00000000   Number         0  scalbn.o ABSOLUTE
    ../../signal.c                           0x00000000   Number         0  defsig_rtmem_outer.o ABSOLUTE
    ../../signal.c                           0x00000000   Number         0  defsig_cppl_inner.o ABSOLUTE
    ../../signal.c                           0x00000000   Number         0  defsig_stak_inner.o ABSOLUTE
    ../../signal.c                           0x00000000   Number         0  defsig_pvfn_inner.o ABSOLUTE
    ../../signal.c                           0x00000000   Number         0  defsig_rtmem_inner.o ABSOLUTE
    ../../signal.c                           0x00000000   Number         0  defsig_rtmem_formal.o ABSOLUTE
    ../../signal.c                           0x00000000   Number         0  __raise.o ABSOLUTE
    ../../signal.c                           0x00000000   Number         0  defsig_general.o ABSOLUTE
    ../../signal.c                           0x00000000   Number         0  defsig_exit.o ABSOLUTE
    ../../signal.c                           0x00000000   Number         0  defsig_segv_inner.o ABSOLUTE
    ../../signal.c                           0x00000000   Number         0  defsig_abrt_inner.o ABSOLUTE
    ../../signal.c                           0x00000000   Number         0  defsig_other.o ABSOLUTE
    ../../signal.c                           0x00000000   Number         0  defsig_fpe_inner.o ABSOLUTE
    ../../signal.c                           0x00000000   Number         0  defsig_rtred_inner.o ABSOLUTE
    ../../signal.s                           0x00000000   Number         0  defsig.o ABSOLUTE
    ../../stdio.c                            0x00000000   Number         0  ferror.o ABSOLUTE
    ../../stdio.c                            0x00000000   Number         0  ferror_locked.o ABSOLUTE
    ../../stdlib.c                           0x00000000   Number         0  exit.o ABSOLUTE
    ../../trapv.s                            0x00000000   Number         0  trapv.o ABSOLUTE
    ../../usenofp.s                          0x00000000   Number         0  usenofp.o ABSOLUTE
    ..\HAEDWARE\KEY\key.c                    0x00000000   Number         0  key.o ABSOLUTE
    ..\HAEDWARE\adc\adc.c                    0x00000000   Number         0  adc.o ABSOLUTE
    ..\HAEDWARE\buzzer\buzzer.c              0x00000000   Number         0  buzzer.o ABSOLUTE
    ..\HAEDWARE\display\display.c            0x00000000   Number         0  display.o ABSOLUTE
    ..\HAEDWARE\exti\exti.c                  0x00000000   Number         0  exti.o ABSOLUTE
    ..\HAEDWARE\led\led.c                    0x00000000   Number         0  led.o ABSOLUTE
    ..\HAEDWARE\reverse\reverse.c            0x00000000   Number         0  reverse.o ABSOLUTE
    ..\HAEDWARE\rtc\rtc.c                    0x00000000   Number         0  rtc.o ABSOLUTE
    ..\HAEDWARE\timer\timer.c                0x00000000   Number         0  timer.o ABSOLUTE
    ..\SYSTEM\delay\delay.c                  0x00000000   Number         0  delay.o ABSOLUTE
    ..\SYSTEM\sys\sys.c                      0x00000000   Number         0  sys.o ABSOLUTE
    ..\SYSTEM\usart\usart.c                  0x00000000   Number         0  usart.o ABSOLUTE
    ..\\SYSTEM\\sys\\sys.c                   0x00000000   Number         0  sys.o ABSOLUTE
    STM32F10x.s                              0x00000000   Number         0  stm32f10x.o ABSOLUTE
    dc.s                                     0x00000000   Number         0  dc.o ABSOLUTE
    main.c                                   0x00000000   Number         0  main.o ABSOLUTE
    RESET                                    0x08000000   Section      236  stm32f10x.o(RESET)
    !!!main                                  0x080000ec   Section        8  __main.o(!!!main)
    !!!scatter                               0x080000f4   Section       52  __scatter.o(!!!scatter)
    !!handler_copy                           0x08000128   Section       26  __scatter_copy.o(!!handler_copy)
    !!handler_zi                             0x08000144   Section       28  __scatter_zi.o(!!handler_zi)
    .ARM.Collect$$_printf_percent$$00000000  0x08000160   Section        0  _printf_percent.o(.ARM.Collect$$_printf_percent$$00000000)
    .ARM.Collect$$_printf_percent$$00000014  0x08000160   Section        6  _printf_s.o(.ARM.Collect$$_printf_percent$$00000014)
    .ARM.Collect$$_printf_percent$$00000017  0x08000166   Section        4  _printf_percent_end.o(.ARM.Collect$$_printf_percent$$00000017)
    .ARM.Collect$$libinit$$00000000          0x0800016a   Section        6  libinit.o(.ARM.Collect$$libinit$$00000000)
    .ARM.Collect$$libinit$$00000006          0x08000170   Section        0  libinit2.o(.ARM.Collect$$libinit$$00000006)
    .ARM.Collect$$libinit$$00000008          0x08000170   Section        0  libinit2.o(.ARM.Collect$$libinit$$00000008)
    .ARM.Collect$$libinit$$0000000A          0x08000170   Section        0  libinit2.o(.ARM.Collect$$libinit$$0000000A)
    .ARM.Collect$$libinit$$0000000D          0x08000170   Section        0  libinit2.o(.ARM.Collect$$libinit$$0000000D)
    .ARM.Collect$$libinit$$0000000F          0x08000170   Section        0  libinit2.o(.ARM.Collect$$libinit$$0000000F)
    .ARM.Collect$$libinit$$00000011          0x08000170   Section        0  libinit2.o(.ARM.Collect$$libinit$$00000011)
    .ARM.Collect$$libinit$$00000013          0x08000170   Section        0  libinit2.o(.ARM.Collect$$libinit$$00000013)
    .ARM.Collect$$libinit$$00000015          0x08000170   Section        0  libinit2.o(.ARM.Collect$$libinit$$00000015)
    .ARM.Collect$$libinit$$00000017          0x08000170   Section        0  libinit2.o(.ARM.Collect$$libinit$$00000017)
    .ARM.Collect$$libinit$$00000019          0x08000170   Section        0  libinit2.o(.ARM.Collect$$libinit$$00000019)
    .ARM.Collect$$libinit$$0000001B          0x08000170   Section        0  libinit2.o(.ARM.Collect$$libinit$$0000001B)
    .ARM.Collect$$libinit$$0000001D          0x08000170   Section        0  libinit2.o(.ARM.Collect$$libinit$$0000001D)
    .ARM.Collect$$libinit$$0000001F          0x08000170   Section        0  libinit2.o(.ARM.Collect$$libinit$$0000001F)
    .ARM.Collect$$libinit$$00000021          0x08000170   Section        0  libinit2.o(.ARM.Collect$$libinit$$00000021)
    .ARM.Collect$$libinit$$00000028          0x08000170   Section        0  libinit2.o(.ARM.Collect$$libinit$$00000028)
    .ARM.Collect$$libinit$$0000002A          0x08000170   Section        0  libinit2.o(.ARM.Collect$$libinit$$0000002A)
    .ARM.Collect$$libinit$$0000002C          0x08000170   Section        0  libinit2.o(.ARM.Collect$$libinit$$0000002C)
    .ARM.Collect$$libinit$$0000002E          0x08000170   Section        0  libinit2.o(.ARM.Collect$$libinit$$0000002E)
    .ARM.Collect$$libinit$$0000002F          0x08000170   Section        2  libinit2.o(.ARM.Collect$$libinit$$0000002F)
    .ARM.Collect$$libshutdown$$00000000      0x08000172   Section        2  libshutdown.o(.ARM.Collect$$libshutdown$$00000000)
    .ARM.Collect$$libshutdown$$00000003      0x08000174   Section        0  libshutdown2.o(.ARM.Collect$$libshutdown$$00000003)
    .ARM.Collect$$libshutdown$$00000006      0x08000174   Section        0  libshutdown2.o(.ARM.Collect$$libshutdown$$00000006)
    .ARM.Collect$$libshutdown$$00000009      0x08000174   Section        0  libshutdown2.o(.ARM.Collect$$libshutdown$$00000009)
    .ARM.Collect$$libshutdown$$0000000B      0x08000174   Section        0  libshutdown2.o(.ARM.Collect$$libshutdown$$0000000B)
    .ARM.Collect$$libshutdown$$0000000E      0x08000174   Section        0  libshutdown2.o(.ARM.Collect$$libshutdown$$0000000E)
    .ARM.Collect$$libshutdown$$0000000F      0x08000174   Section        2  libshutdown2.o(.ARM.Collect$$libshutdown$$0000000F)
    .ARM.Collect$$rtentry$$00000000          0x08000176   Section        0  rtentry.o(.ARM.Collect$$rtentry$$00000000)
    .ARM.Collect$$rtentry$$00000002          0x08000176   Section        0  rtentry2.o(.ARM.Collect$$rtentry$$00000002)
    .ARM.Collect$$rtentry$$00000004          0x08000176   Section        6  rtentry4.o(.ARM.Collect$$rtentry$$00000004)
    .ARM.Collect$$rtentry$$00000009          0x0800017c   Section        0  rtentry2.o(.ARM.Collect$$rtentry$$00000009)
    .ARM.Collect$$rtentry$$0000000A          0x0800017c   Section        4  rtentry2.o(.ARM.Collect$$rtentry$$0000000A)
    .ARM.Collect$$rtentry$$0000000C          0x08000180   Section        0  rtentry2.o(.ARM.Collect$$rtentry$$0000000C)
    .ARM.Collect$$rtentry$$0000000D          0x08000180   Section        8  rtentry2.o(.ARM.Collect$$rtentry$$0000000D)
    .ARM.Collect$$rtexit$$00000000           0x08000188   Section        2  rtexit.o(.ARM.Collect$$rtexit$$00000000)
    .ARM.Collect$$rtexit$$00000002           0x0800018a   Section        0  rtexit2.o(.ARM.Collect$$rtexit$$00000002)
    .ARM.Collect$$rtexit$$00000003           0x0800018a   Section        4  rtexit2.o(.ARM.Collect$$rtexit$$00000003)
    .ARM.Collect$$rtexit$$00000004           0x0800018e   Section        6  rtexit2.o(.ARM.Collect$$rtexit$$00000004)
    .emb_text                                0x08000194   Section        2  sys.o(.emb_text)
    .text                                    0x08000198   Section       52  stm32f10x.o(.text)
    .text                                    0x080001cc   Section        0  main.o(.text)
    .text                                    0x0800022c   Section        0  adc.o(.text)
    .text                                    0x08000be0   Section        0  exti.o(.text)
    .text                                    0x08001368   Section        0  led.o(.text)
    .text                                    0x08001508   Section        0  timer.o(.text)
    .text                                    0x08001a44   Section        0  display.o(.text)
    .text                                    0x0800279c   Section        0  buzzer.o(.text)
    .text                                    0x08002848   Section        0  reverse.o(.text)
    .text                                    0x0800288c   Section        0  rtc.o(.text)
    .text                                    0x08002d18   Section        0  delay.o(.text)
    .text                                    0x08002db8   Section        0  sys.o(.text)
    .text                                    0x080030dc   Section        0  usart.o(.text)
    .text                                    0x08003950   Section        2  use_no_semi_2.o(.text)
    .text                                    0x08003954   Section        0  noretval__2printf.o(.text)
    .text                                    0x0800396c   Section        0  __printf.o(.text)
    .text                                    0x080039d6   Section        0  _printf_str.o(.text)
    .text                                    0x08003a28   Section        0  heapauxi.o(.text)
    .text                                    0x08003a2e   Section        2  use_no_semi.o(.text)
    .text                                    0x08003a30   Section        0  _rserrno.o(.text)
    .text                                    0x08003a46   Section        0  _printf_char.o(.text)
    .text                                    0x08003a74   Section        0  _printf_char_file.o(.text)
    .text                                    0x08003a98   Section       12  rt_errno_addr_intlibspace.o(.text)
    .text                                    0x08003aa4   Section        0  _printf_char_common.o(.text)
    _printf_input_char                       0x08003aa5   Thumb Code    10  _printf_char_common.o(.text)
    .text                                    0x08003ad4   Section        0  ferror.o(.text)
    .text                                    0x08003adc   Section        8  libspace.o(.text)
    .text                                    0x08003ae4   Section       74  sys_stackheap_outer.o(.text)
    .text                                    0x08003b2e   Section        0  exit.o(.text)
    .text                                    0x08003b3c   Section       12  rt_fp_status_addr_intlibspace.o(.text)
    i.__kernel_poly                          0x08003b48   Section        0  poly.o(i.__kernel_poly)
    i.log                                    0x08003bf4   Section        0  log.o(i.log)
    x$fpl$d2f                                0x08003f60   Section       98  d2f.o(x$fpl$d2f)
    x$fpl$dadd                               0x08003fc4   Section      332  daddsub_clz.o(x$fpl$dadd)
    _dadd1                                   0x08003fd5   Thumb Code     0  daddsub_clz.o(x$fpl$dadd)
    x$fpl$dcheck1                            0x08004110   Section       16  dcheck1.o(x$fpl$dcheck1)
    x$fpl$dcmpinf                            0x08004120   Section       24  dcmpi.o(x$fpl$dcmpinf)
    x$fpl$ddiv                               0x08004138   Section      688  ddiv.o(x$fpl$ddiv)
    ddiv_entry                               0x0800413f   Thumb Code     0  ddiv.o(x$fpl$ddiv)
    x$fpl$deqf                               0x080043e8   Section      120  deqf.o(x$fpl$deqf)
    x$fpl$dflt                               0x08004460   Section       46  dflt_clz.o(x$fpl$dflt)
    x$fpl$dfltu                              0x0800448e   Section       38  dflt_clz.o(x$fpl$dfltu)
    x$fpl$dmul                               0x080044b4   Section      340  dmul.o(x$fpl$dmul)
    x$fpl$dnaninf                            0x08004608   Section      156  dnaninf.o(x$fpl$dnaninf)
    x$fpl$dretinf                            0x080046a4   Section       12  dretinf.o(x$fpl$dretinf)
    x$fpl$drsb                               0x080046b0   Section       22  daddsub_clz.o(x$fpl$drsb)
    x$fpl$dsub                               0x080046c8   Section      468  daddsub_clz.o(x$fpl$dsub)
    _dsub1                                   0x080046d9   Thumb Code     0  daddsub_clz.o(x$fpl$dsub)
    x$fpl$f2d                                0x0800489c   Section       86  f2d.o(x$fpl$f2d)
    x$fpl$fadd                               0x080048f4   Section      196  faddsub_clz.o(x$fpl$fadd)
    _fadd1                                   0x08004903   Thumb Code     0  faddsub_clz.o(x$fpl$fadd)
    x$fpl$fdiv                               0x080049b8   Section      388  fdiv.o(x$fpl$fdiv)
    _fdiv1                                   0x080049b9   Thumb Code     0  fdiv.o(x$fpl$fdiv)
    x$fpl$ffixu                              0x08004b3c   Section       62  ffixu.o(x$fpl$ffixu)
    x$fpl$ffltu                              0x08004b7c   Section       38  fflt_clz.o(x$fpl$ffltu)
    x$fpl$fmul                               0x08004ba4   Section      258  fmul.o(x$fpl$fmul)
    x$fpl$fnaninf                            0x08004ca6   Section      140  fnaninf.o(x$fpl$fnaninf)
    x$fpl$fpinit                             0x08004d32   Section       14  fpinit.o(x$fpl$fpinit)
    x$fpl$fretinf                            0x08004d40   Section       10  fretinf.o(x$fpl$fretinf)
    x$fpl$frsb                               0x08004d4a   Section       20  faddsub_clz.o(x$fpl$frsb)
    x$fpl$fsub                               0x08004d60   Section      234  faddsub_clz.o(x$fpl$fsub)
    _fsub1                                   0x08004d6f   Thumb Code     0  faddsub_clz.o(x$fpl$fsub)
    x$fpl$retnan                             0x08004e4a   Section      100  retnan.o(x$fpl$retnan)
    x$fpl$scalbn                             0x08004eae   Section       96  scalbn.o(x$fpl$scalbn)
    x$fpl$trapveneer                         0x08004f0e   Section       48  trapv.o(x$fpl$trapveneer)
    .constdata                               0x08004f3e   Section       24  rtc.o(.constdata)
    x$fpl$usenofp                            0x08004f3e   Section        0  usenofp.o(x$fpl$usenofp)
    .constdata                               0x08004f58   Section       56  log.o(.constdata)
    Lg2                                      0x08004f58   Data          24  log.o(.constdata)
    Lg                                       0x08004f70   Data          32  log.o(.constdata)
    .constdata                               0x08004f90   Section        8  qnan.o(.constdata)
    .data                                    0x20000000   Section       14  adc.o(.data)
    .data                                    0x20000010   Section       18  exti.o(.data)
    .data                                    0x20000022   Section       28  led.o(.data)
    .data                                    0x20000040   Section       21  timer.o(.data)
    daycnt                                   0x2000004e   Data           2  timer.o(.data)
    .data                                    0x20000056   Section        2  rtc.o(.data)
    daycnt                                   0x20000056   Data           2  rtc.o(.data)
    .data                                    0x20000058   Section        4  delay.o(.data)
    fac_us                                   0x20000058   Data           1  delay.o(.data)
    fac_ms                                   0x2000005a   Data           2  delay.o(.data)
    .data                                    0x2000005c   Section       56  usart.o(.data)
    .bss                                     0x20000094   Section       39  timer.o(.bss)
    .bss                                     0x200000bc   Section       24  rtc.o(.bss)
    .bss                                     0x200000d4   Section       84  usart.o(.bss)
    .bss                                     0x20000128   Section       96  libspace.o(.bss)
    HEAP                                     0x20000188   Section        0  stm32f10x.o(HEAP)
    STACK                                    0x20000188   Section      512  stm32f10x.o(STACK)
    Heap_Mem                                 0x20000188   Data           0  stm32f10x.o(HEAP)
    Stack_Mem                                0x20000188   Data         512  stm32f10x.o(STACK)
    __initial_sp                             0x20000388   Data           0  stm32f10x.o(STACK)

    Global Symbols

    Symbol Name                              Value     Ov Type        Size  Object(Section)

    BuildAttributes$$THM_ISAv4$P$D$K$B$S$PE$A:L22UL41UL21$X:L11$S22US41US21$IEEE1$IW$USESV6$~STKCKD$USESV7$~SHL$OTIME$ROPI$IEEEJ$EBA8$UX$STANDARDLIB$REQ8$PRES8$EABIv2 0x00000000   Number         0  anon$$obj.o ABSOLUTE
    __ARM_use_no_argv                        0x00000000   Number         0  main.o ABSOLUTE
    __ARM_exceptions_init                     - Undefined Weak Reference
    __alloca_initialize                       - Undefined Weak Reference
    __cpp_initialize__aeabi_                  - Undefined Weak Reference
    __cxa_finalize                            - Undefined Weak Reference
    __fpl_infinity                            - Undefined Weak Reference
    __rt_locale                               - Undefined Weak Reference
    __sigvec_lookup                           - Undefined Weak Reference
    _atexit_init                              - Undefined Weak Reference
    _call_atexit_fns                          - Undefined Weak Reference
    _clock_init                               - Undefined Weak Reference
    _fp_trap_init                             - Undefined Weak Reference
    _fp_trap_shutdown                         - Undefined Weak Reference
    _get_lc_collate                           - Undefined Weak Reference
    _get_lc_ctype                             - Undefined Weak Reference
    _get_lc_monetary                          - Undefined Weak Reference
    _get_lc_numeric                           - Undefined Weak Reference
    _get_lc_time                              - Undefined Weak Reference
    _getenv_init                              - Undefined Weak Reference
    _handle_redirection                       - Undefined Weak Reference
    _init_alloc                               - Undefined Weak Reference
    _init_user_alloc                          - Undefined Weak Reference
    _initio                                   - Undefined Weak Reference
    _mutex_acquire                            - Undefined Weak Reference
    _mutex_release                            - Undefined Weak Reference
    _printf_mbtowc                            - Undefined Weak Reference
    _printf_post_padding                      - Undefined Weak Reference
    _printf_pre_padding                       - Undefined Weak Reference
    _rand_init                                - Undefined Weak Reference
    _signal_finish                            - Undefined Weak Reference
    _signal_init                              - Undefined Weak Reference
    _terminate_alloc                          - Undefined Weak Reference
    _terminate_user_alloc                     - Undefined Weak Reference
    _terminateio                              - Undefined Weak Reference
    __Vectors                                0x08000000   Data           4  stm32f10x.o(RESET)
    __main                                   0x080000ed   Thumb Code     8  __main.o(!!!main)
    __scatterload                            0x080000f5   Thumb Code     0  __scatter.o(!!!scatter)
    __scatterload_rt2                        0x080000f5   Thumb Code    44  __scatter.o(!!!scatter)
    __scatterload_rt2_thumb_only             0x080000f5   Thumb Code     0  __scatter.o(!!!scatter)
    __scatterload_null                       0x08000103   Thumb Code     0  __scatter.o(!!!scatter)
    __scatterload_copy                       0x08000129   Thumb Code    26  __scatter_copy.o(!!handler_copy)
    __scatterload_zeroinit                   0x08000145   Thumb Code    28  __scatter_zi.o(!!handler_zi)
    _printf_percent                          0x08000161   Thumb Code     0  _printf_percent.o(.ARM.Collect$$_printf_percent$$00000000)
    _printf_s                                0x08000161   Thumb Code     0  _printf_s.o(.ARM.Collect$$_printf_percent$$00000014)
    _printf_percent_end                      0x08000167   Thumb Code     0  _printf_percent_end.o(.ARM.Collect$$_printf_percent$$00000017)
    __rt_lib_init                            0x0800016b   Thumb Code     0  libinit.o(.ARM.Collect$$libinit$$00000000)
    __rt_lib_init_alloca_1                   0x08000171   Thumb Code     0  libinit2.o(.ARM.Collect$$libinit$$0000002A)
    __rt_lib_init_argv_1                     0x08000171   Thumb Code     0  libinit2.o(.ARM.Collect$$libinit$$00000028)
    __rt_lib_init_atexit_1                   0x08000171   Thumb Code     0  libinit2.o(.ARM.Collect$$libinit$$00000017)
    __rt_lib_init_clock_1                    0x08000171   Thumb Code     0  libinit2.o(.ARM.Collect$$libinit$$0000001D)
    __rt_lib_init_cpp_1                      0x08000171   Thumb Code     0  libinit2.o(.ARM.Collect$$libinit$$0000002E)
    __rt_lib_init_exceptions_1               0x08000171   Thumb Code     0  libinit2.o(.ARM.Collect$$libinit$$0000002C)
    __rt_lib_init_fp_trap_1                  0x08000171   Thumb Code     0  libinit2.o(.ARM.Collect$$libinit$$0000001B)
    __rt_lib_init_getenv_1                   0x08000171   Thumb Code     0  libinit2.o(.ARM.Collect$$libinit$$0000001F)
    __rt_lib_init_heap_1                     0x08000171   Thumb Code     0  libinit2.o(.ARM.Collect$$libinit$$00000006)
    __rt_lib_init_lc_collate_1               0x08000171   Thumb Code     0  libinit2.o(.ARM.Collect$$libinit$$0000000D)
    __rt_lib_init_lc_ctype_1                 0x08000171   Thumb Code     0  libinit2.o(.ARM.Collect$$libinit$$0000000F)
    __rt_lib_init_lc_monetary_1              0x08000171   Thumb Code     0  libinit2.o(.ARM.Collect$$libinit$$00000011)
    __rt_lib_init_lc_numeric_1               0x08000171   Thumb Code     0  libinit2.o(.ARM.Collect$$libinit$$00000013)
    __rt_lib_init_lc_time_1                  0x08000171   Thumb Code     0  libinit2.o(.ARM.Collect$$libinit$$00000015)
    __rt_lib_init_rand_1                     0x08000171   Thumb Code     0  libinit2.o(.ARM.Collect$$libinit$$0000000A)
    __rt_lib_init_return                     0x08000171   Thumb Code     0  libinit2.o(.ARM.Collect$$libinit$$0000002F)
    __rt_lib_init_signal_1                   0x08000171   Thumb Code     0  libinit2.o(.ARM.Collect$$libinit$$00000019)
    __rt_lib_init_stdio_1                    0x08000171   Thumb Code     0  libinit2.o(.ARM.Collect$$libinit$$00000021)
    __rt_lib_init_user_alloc_1               0x08000171   Thumb Code     0  libinit2.o(.ARM.Collect$$libinit$$00000008)
    __rt_lib_shutdown                        0x08000173   Thumb Code     0  libshutdown.o(.ARM.Collect$$libshutdown$$00000000)
    __rt_lib_shutdown_fp_trap_1              0x08000175   Thumb Code     0  libshutdown2.o(.ARM.Collect$$libshutdown$$00000006)
    __rt_lib_shutdown_heap_1                 0x08000175   Thumb Code     0  libshutdown2.o(.ARM.Collect$$libshutdown$$0000000E)
    __rt_lib_shutdown_return                 0x08000175   Thumb Code     0  libshutdown2.o(.ARM.Collect$$libshutdown$$0000000F)
    __rt_lib_shutdown_signal_1               0x08000175   Thumb Code     0  libshutdown2.o(.ARM.Collect$$libshutdown$$00000009)
    __rt_lib_shutdown_stdio_1                0x08000175   Thumb Code     0  libshutdown2.o(.ARM.Collect$$libshutdown$$00000003)
    __rt_lib_shutdown_user_alloc_1           0x08000175   Thumb Code     0  libshutdown2.o(.ARM.Collect$$libshutdown$$0000000B)
    __rt_entry                               0x08000177   Thumb Code     0  rtentry.o(.ARM.Collect$$rtentry$$00000000)
    __rt_entry_presh_1                       0x08000177   Thumb Code     0  rtentry2.o(.ARM.Collect$$rtentry$$00000002)
    __rt_entry_sh                            0x08000177   Thumb Code     0  rtentry4.o(.ARM.Collect$$rtentry$$00000004)
    __rt_entry_li                            0x0800017d   Thumb Code     0  rtentry2.o(.ARM.Collect$$rtentry$$0000000A)
    __rt_entry_postsh_1                      0x0800017d   Thumb Code     0  rtentry2.o(.ARM.Collect$$rtentry$$00000009)
    __rt_entry_main                          0x08000181   Thumb Code     0  rtentry2.o(.ARM.Collect$$rtentry$$0000000D)
    __rt_entry_postli_1                      0x08000181   Thumb Code     0  rtentry2.o(.ARM.Collect$$rtentry$$0000000C)
    __rt_exit                                0x08000189   Thumb Code     0  rtexit.o(.ARM.Collect$$rtexit$$00000000)
    __rt_exit_ls                             0x0800018b   Thumb Code     0  rtexit2.o(.ARM.Collect$$rtexit$$00000003)
    __rt_exit_prels_1                        0x0800018b   Thumb Code     0  rtexit2.o(.ARM.Collect$$rtexit$$00000002)
    __rt_exit_exit                           0x0800018f   Thumb Code     0  rtexit2.o(.ARM.Collect$$rtexit$$00000004)
    WFI_SET                                  0x08000195   Thumb Code     2  sys.o(.emb_text)
    Reset_Handler                            0x08000199   Thumb Code     4  stm32f10x.o(.text)
    NMI_Handler                              0x0800019d   Thumb Code     2  stm32f10x.o(.text)
    HardFault_Handler                        0x0800019f   Thumb Code     2  stm32f10x.o(.text)
    MemManage_Handler                        0x080001a1   Thumb Code     2  stm32f10x.o(.text)
    BusFault_Handler                         0x080001a3   Thumb Code     2  stm32f10x.o(.text)
    UsageFault_Handler                       0x080001a5   Thumb Code     2  stm32f10x.o(.text)
    SVC_Handler                              0x080001a7   Thumb Code     2  stm32f10x.o(.text)
    DebugMon_Handler                         0x080001a9   Thumb Code     2  stm32f10x.o(.text)
    PendSV_Handler                           0x080001ab   Thumb Code     2  stm32f10x.o(.text)
    SysTick_Handler                          0x080001ad   Thumb Code     2  stm32f10x.o(.text)
    ADC_IRQHandler                           0x080001af   Thumb Code     0  stm32f10x.o(.text)
    CAN_RX1_IRQHandler                       0x080001af   Thumb Code     0  stm32f10x.o(.text)
    CAN_SCE_IRQHandler                       0x080001af   Thumb Code     0  stm32f10x.o(.text)
    DMAChannel1_IRQHandler                   0x080001af   Thumb Code     0  stm32f10x.o(.text)
    DMAChannel2_IRQHandler                   0x080001af   Thumb Code     0  stm32f10x.o(.text)
    DMAChannel3_IRQHandler                   0x080001af   Thumb Code     0  stm32f10x.o(.text)
    DMAChannel4_IRQHandler                   0x080001af   Thumb Code     0  stm32f10x.o(.text)
    DMAChannel5_IRQHandler                   0x080001af   Thumb Code     0  stm32f10x.o(.text)
    DMAChannel6_IRQHandler                   0x080001af   Thumb Code     0  stm32f10x.o(.text)
    DMAChannel7_IRQHandler                   0x080001af   Thumb Code     0  stm32f10x.o(.text)
    EXTI0_IRQHandler                         0x080001af   Thumb Code     0  stm32f10x.o(.text)
    EXTI15_10_IRQHandler                     0x080001af   Thumb Code     0  stm32f10x.o(.text)
    EXTI3_IRQHandler                         0x080001af   Thumb Code     0  stm32f10x.o(.text)
    EXTI4_IRQHandler                         0x080001af   Thumb Code     0  stm32f10x.o(.text)
    FLASH_IRQHandler                         0x080001af   Thumb Code     0  stm32f10x.o(.text)
    I2C1_ER_IRQHandler                       0x080001af   Thumb Code     0  stm32f10x.o(.text)
    I2C1_EV_IRQHandler                       0x080001af   Thumb Code     0  stm32f10x.o(.text)
    I2C2_ER_IRQHandler                       0x080001af   Thumb Code     0  stm32f10x.o(.text)
    I2C2_EV_IRQHandler                       0x080001af   Thumb Code     0  stm32f10x.o(.text)
    PVD_IRQHandler                           0x080001af   Thumb Code     0  stm32f10x.o(.text)
    RCC_IRQHandler                           0x080001af   Thumb Code     0  stm32f10x.o(.text)
    RTCAlarm_IRQHandler                      0x080001af   Thumb Code     0  stm32f10x.o(.text)
    SPI1_IRQHandler                          0x080001af   Thumb Code     0  stm32f10x.o(.text)
    SPI2_IRQHandler                          0x080001af   Thumb Code     0  stm32f10x.o(.text)
    TAMPER_IRQHandler                        0x080001af   Thumb Code     0  stm32f10x.o(.text)
    TIM1_BRK_IRQHandler                      0x080001af   Thumb Code     0  stm32f10x.o(.text)
    TIM1_CC_IRQHandler                       0x080001af   Thumb Code     0  stm32f10x.o(.text)
    TIM1_TRG_COM_IRQHandler                  0x080001af   Thumb Code     0  stm32f10x.o(.text)
    TIM1_UP_IRQHandler                       0x080001af   Thumb Code     0  stm32f10x.o(.text)
    USART2_IRQHandler                        0x080001af   Thumb Code     0  stm32f10x.o(.text)
    USART3_IRQHandler                        0x080001af   Thumb Code     0  stm32f10x.o(.text)
    USBWakeUp_IRQHandler                     0x080001af   Thumb Code     0  stm32f10x.o(.text)
    USB_HP_CAN_TX_IRQHandler                 0x080001af   Thumb Code     0  stm32f10x.o(.text)
    USB_LP_CAN_RX0_IRQHandler                0x080001af   Thumb Code     0  stm32f10x.o(.text)
    WWDG_IRQHandler                          0x080001af   Thumb Code     0  stm32f10x.o(.text)
    __user_initial_stackheap                 0x080001b1   Thumb Code     0  stm32f10x.o(.text)
    main                                     0x080001cd   Thumb Code    92  main.o(.text)
    VoltageAdc2Init                          0x0800022d   Thumb Code   264  adc.o(.text)
    VoltageAdc1Init                          0x08000335   Thumb Code   264  adc.o(.text)
    VoltageAdcInit                           0x0800043d   Thumb Code    60  adc.o(.text)
    GetAdc                                   0x08000479   Thumb Code   136  adc.o(.text)
    AdcDescen                                0x08000501   Thumb Code   546  adc.o(.text)
    GetVoltage                               0x08000723   Thumb Code    58  adc.o(.text)
    VoltageDisplay                           0x0800075d   Thumb Code   184  adc.o(.text)
    GetNavKey                                0x08000815   Thumb Code    22  adc.o(.text)
    AdcInit                                  0x0800082b   Thumb Code   468  adc.o(.text)
    GetTemperatureAdc                        0x080009ff   Thumb Code     6  adc.o(.text)
    GetTemperature                           0x08000a05   Thumb Code   322  adc.o(.text)
    GetInnerTemperature                      0x08000b47   Thumb Code    70  adc.o(.text)
    GetLightAdc                              0x08000b8d   Thumb Code    18  adc.o(.text)
    adcScan                                  0x08000b9f   Thumb Code    22  adc.o(.text)
    EXTI1_IRQHandler                         0x08000be1   Thumb Code   130  exti.o(.text)
    EXTI2_IRQHandler                         0x08000c63   Thumb Code   162  exti.o(.text)
    EXTI9_5_IRQHandler                       0x08000d05   Thumb Code    34  exti.o(.text)
    NavKey                                   0x08000d27   Thumb Code  1456  exti.o(.text)
    EXTIX_Init                               0x080012d7   Thumb Code   104  exti.o(.text)
    LED_Init                                 0x08001369   Thumb Code   128  led.o(.text)
    LedValue                                 0x080013e9   Thumb Code    78  led.o(.text)
    SetLed                                   0x08001437   Thumb Code    78  led.o(.text)
    PortationDisplay                         0x08001485   Thumb Code    78  led.o(.text)
    TimerxInit                               0x08001509   Thumb Code    82  timer.o(.text)
    Rtc_Get_Week                             0x0800155b   Thumb Code   114  timer.o(.text)
    Rtc_Get                                  0x080015cd   Thumb Code   246  timer.o(.text)
    Rtc_Set                                  0x080016c3   Thumb Code   158  timer.o(.text)
    Timer2Init                               0x08001761   Thumb Code    92  timer.o(.text)
    Timer4Init                               0x080017bd   Thumb Code    82  timer.o(.text)
    TIM2_IRQHandler                          0x0800180f   Thumb Code    50  timer.o(.text)
    TIM3_IRQHandler                          0x08001841   Thumb Code   352  timer.o(.text)
    TIM4_IRQHandler                          0x080019a1   Thumb Code   120  timer.o(.text)
    DisplayDate                              0x08001a45   Thumb Code   210  display.o(.text)
    DisplayNavKey                            0x08001b17   Thumb Code   142  display.o(.text)
    DisplayPage0                             0x08001ba5   Thumb Code   130  display.o(.text)
    DisplayMenuState                         0x08001c27   Thumb Code    34  display.o(.text)
    DisplayLight                             0x08001c49   Thumb Code   130  display.o(.text)
    DisplayTemperature                       0x08001ccb   Thumb Code   118  display.o(.text)
    DisplayStopwatch                         0x08001d41   Thumb Code   196  display.o(.text)
    DisplayStopState                         0x08001e05   Thumb Code    34  display.o(.text)
    DisplayDigitalClock                      0x08001e27   Thumb Code   656  display.o(.text)
    DisplayWeek                              0x080020b7   Thumb Code   184  display.o(.text)
    DisplayCalendar                          0x0800216f   Thumb Code   282  display.o(.text)
    DisplayCalories                          0x08002289   Thumb Code   204  display.o(.text)
    DisplaySteps                             0x08002355   Thumb Code   166  display.o(.text)
    Display                                  0x080023fb   Thumb Code   904  display.o(.text)
    Buzzer_Init                              0x0800279d   Thumb Code    42  buzzer.o(.text)
    Buzzer_s                                 0x080027c7   Thumb Code   102  buzzer.o(.text)
    Reverse_Init                             0x08002849   Thumb Code    56  reverse.o(.text)
    RTC_Get_Week                             0x0800288d   Thumb Code   114  rtc.o(.text)
    Is_Leap_Year                             0x080028ff   Thumb Code    58  rtc.o(.text)
    RTC_Get                                  0x08002939   Thumb Code   254  rtc.o(.text)
    RTC_Set                                  0x08002a37   Thumb Code   250  rtc.o(.text)
    Rtc_Init                                 0x08002b31   Thumb Code   352  rtc.o(.text)
    RTC_IRQHandler                           0x08002c91   Thumb Code    72  rtc.o(.text)
    delay_init                               0x08002d19   Thumb Code    44  delay.o(.text)
    delay_ms                                 0x08002d45   Thumb Code    54  delay.o(.text)
    delay_us                                 0x08002d7b   Thumb Code    54  delay.o(.text)
    MY_NVIC_SetVectorTable                   0x08002db9   Thumb Code    12  sys.o(.text)
    MY_NVIC_PriorityGroupConfig              0x08002dc5   Thumb Code    42  sys.o(.text)
    MY_NVIC_Init                             0x08002def   Thumb Code   154  sys.o(.text)
    Ex_NVIC_Config                           0x08002e89   Thumb Code   182  sys.o(.text)
    MYRCC_DeInit                             0x08002f3f   Thumb Code    90  sys.o(.text)
    Sys_Standby                              0x08002f99   Thumb Code    68  sys.o(.text)
    Sys_Soft_Reset                           0x08002fdd   Thumb Code    10  sys.o(.text)
    JTAG_Set                                 0x08002fe7   Thumb Code    38  sys.o(.text)
    Stm32_Clock_Init                         0x0800300d   Thumb Code   130  sys.o(.text)
    _sys_exit                                0x080030dd   Thumb Code     6  usart.o(.text)
    fputc                                    0x080030e3   Thumb Code    20  usart.o(.text)
    uart_init                                0x080030f7   Thumb Code   230  usart.o(.text)
    SizeOf                                   0x080031dd   Thumb Code    24  usart.o(.text)
    isEqual                                  0x080031f5   Thumb Code   114  usart.o(.text)
    getParaNum                               0x08003267   Thumb Code   100  usart.o(.text)
    SetTime                                  0x080032cb   Thumb Code    14  usart.o(.text)
    SetDate                                  0x080032d9   Thumb Code    56  usart.o(.text)
    USART1_IRQHandler                        0x08003311   Thumb Code  1446  usart.o(.text)
    __use_no_semihosting                     0x08003951   Thumb Code     2  use_no_semi_2.o(.text)
    __2printf                                0x08003955   Thumb Code    20  noretval__2printf.o(.text)
    __printf                                 0x0800396d   Thumb Code   106  __printf.o(.text)
    _printf_str                              0x080039d7   Thumb Code    82  _printf_str.o(.text)
    __use_two_region_memory                  0x08003a29   Thumb Code     2  heapauxi.o(.text)
    __rt_heap_escrow$2region                 0x08003a2b   Thumb Code     2  heapauxi.o(.text)
    __rt_heap_expand$2region                 0x08003a2d   Thumb Code     2  heapauxi.o(.text)
    __I$use$semihosting                      0x08003a2f   Thumb Code     0  use_no_semi.o(.text)
    __use_no_semihosting_swi                 0x08003a2f   Thumb Code     2  use_no_semi.o(.text)
    __read_errno                             0x08003a31   Thumb Code    10  _rserrno.o(.text)
    __set_errno                              0x08003a3b   Thumb Code    12  _rserrno.o(.text)
    _printf_cs_common                        0x08003a47   Thumb Code    20  _printf_char.o(.text)
    _printf_char                             0x08003a5b   Thumb Code    16  _printf_char.o(.text)
    _printf_string                           0x08003a6b   Thumb Code     8  _printf_char.o(.text)
    _printf_char_file                        0x08003a75   Thumb Code    32  _printf_char_file.o(.text)
    __aeabi_errno_addr                       0x08003a99   Thumb Code    12  rt_errno_addr_intlibspace.o(.text)
    __errno$intlibspace                      0x08003a99   Thumb Code     0  rt_errno_addr_intlibspace.o(.text)
    __rt_errno_addr$intlibspace              0x08003a99   Thumb Code     0  rt_errno_addr_intlibspace.o(.text)
    _printf_char_common                      0x08003aaf   Thumb Code    32  _printf_char_common.o(.text)
    ferror                                   0x08003ad5   Thumb Code     8  ferror.o(.text)
    __user_libspace                          0x08003add   Thumb Code     8  libspace.o(.text)
    __user_perproc_libspace                  0x08003add   Thumb Code     0  libspace.o(.text)
    __user_perthread_libspace                0x08003add   Thumb Code     0  libspace.o(.text)
    __user_setup_stackheap                   0x08003ae5   Thumb Code    74  sys_stackheap_outer.o(.text)
    exit                                     0x08003b2f   Thumb Code    12  exit.o(.text)
    __rt_fp_status_addr                      0x08003b3d   Thumb Code    12  rt_fp_status_addr_intlibspace.o(.text)
    __kernel_poly                            0x08003b49   Thumb Code   170  poly.o(i.__kernel_poly)
    log                                      0x08003bf5   Thumb Code   818  log.o(i.log)
    __aeabi_d2f                              0x08003f61   Thumb Code     0  d2f.o(x$fpl$d2f)
    _d2f                                     0x08003f61   Thumb Code    98  d2f.o(x$fpl$d2f)
    __aeabi_dadd                             0x08003fc5   Thumb Code     0  daddsub_clz.o(x$fpl$dadd)
    _dadd                                    0x08003fc5   Thumb Code   328  daddsub_clz.o(x$fpl$dadd)
    __fpl_dcheck_NaN1                        0x08004111   Thumb Code    10  dcheck1.o(x$fpl$dcheck1)
    __fpl_dcmp_Inf                           0x08004121   Thumb Code    24  dcmpi.o(x$fpl$dcmpinf)
    __aeabi_ddiv                             0x08004139   Thumb Code     0  ddiv.o(x$fpl$ddiv)
    _ddiv                                    0x08004139   Thumb Code   552  ddiv.o(x$fpl$ddiv)
    __aeabi_cdcmpeq                          0x080043e9   Thumb Code     0  deqf.o(x$fpl$deqf)
    _dcmpeq                                  0x080043e9   Thumb Code   120  deqf.o(x$fpl$deqf)
    __aeabi_i2d                              0x08004461   Thumb Code     0  dflt_clz.o(x$fpl$dflt)
    _dflt                                    0x08004461   Thumb Code    46  dflt_clz.o(x$fpl$dflt)
    __aeabi_ui2d                             0x0800448f   Thumb Code     0  dflt_clz.o(x$fpl$dfltu)
    _dfltu                                   0x0800448f   Thumb Code    38  dflt_clz.o(x$fpl$dfltu)
    __aeabi_dmul                             0x080044b5   Thumb Code     0  dmul.o(x$fpl$dmul)
    _dmul                                    0x080044b5   Thumb Code   332  dmul.o(x$fpl$dmul)
    __fpl_dnaninf                            0x08004609   Thumb Code   156  dnaninf.o(x$fpl$dnaninf)
    __fpl_dretinf                            0x080046a5   Thumb Code    12  dretinf.o(x$fpl$dretinf)
    __aeabi_drsub                            0x080046b1   Thumb Code     0  daddsub_clz.o(x$fpl$drsb)
    _drsb                                    0x080046b1   Thumb Code    22  daddsub_clz.o(x$fpl$drsb)
    __aeabi_dsub                             0x080046c9   Thumb Code     0  daddsub_clz.o(x$fpl$dsub)
    _dsub                                    0x080046c9   Thumb Code   464  daddsub_clz.o(x$fpl$dsub)
    __aeabi_f2d                              0x0800489d   Thumb Code     0  f2d.o(x$fpl$f2d)
    _f2d                                     0x0800489d   Thumb Code    86  f2d.o(x$fpl$f2d)
    __aeabi_fadd                             0x080048f5   Thumb Code     0  faddsub_clz.o(x$fpl$fadd)
    _fadd                                    0x080048f5   Thumb Code   196  faddsub_clz.o(x$fpl$fadd)
    __aeabi_fdiv                             0x080049b9   Thumb Code     0  fdiv.o(x$fpl$fdiv)
    _fdiv                                    0x080049b9   Thumb Code   384  fdiv.o(x$fpl$fdiv)
    __aeabi_f2uiz                            0x08004b3d   Thumb Code     0  ffixu.o(x$fpl$ffixu)
    _ffixu                                   0x08004b3d   Thumb Code    62  ffixu.o(x$fpl$ffixu)
    __aeabi_ui2f                             0x08004b7d   Thumb Code     0  fflt_clz.o(x$fpl$ffltu)
    _ffltu                                   0x08004b7d   Thumb Code    38  fflt_clz.o(x$fpl$ffltu)
    __aeabi_fmul                             0x08004ba5   Thumb Code     0  fmul.o(x$fpl$fmul)
    _fmul                                    0x08004ba5   Thumb Code   258  fmul.o(x$fpl$fmul)
    __fpl_fnaninf                            0x08004ca7   Thumb Code   140  fnaninf.o(x$fpl$fnaninf)
    _fp_init                                 0x08004d33   Thumb Code    14  fpinit.o(x$fpl$fpinit)
    __fplib_config_pureend_doubles           0x08004d3f   Thumb Code     0  fpinit.o(x$fpl$fpinit)
    __fpl_fretinf                            0x08004d41   Thumb Code    10  fretinf.o(x$fpl$fretinf)
    __aeabi_frsub                            0x08004d4b   Thumb Code     0  faddsub_clz.o(x$fpl$frsb)
    _frsb                                    0x08004d4b   Thumb Code    20  faddsub_clz.o(x$fpl$frsb)
    __aeabi_fsub                             0x08004d61   Thumb Code     0  faddsub_clz.o(x$fpl$fsub)
    _fsub                                    0x08004d61   Thumb Code   234  faddsub_clz.o(x$fpl$fsub)
    __fpl_return_NaN                         0x08004e4b   Thumb Code   100  retnan.o(x$fpl$retnan)
    __ARM_scalbn                             0x08004eaf   Thumb Code     0  scalbn.o(x$fpl$scalbn)
    scalbn                                   0x08004eaf   Thumb Code    96  scalbn.o(x$fpl$scalbn)
    __fpl_inf_scalbn                         0x08004f0d   Thumb Code     0  scalbn.o(x$fpl$scalbn)
    __fpl_cmpreturn                          0x08004f0f   Thumb Code    48  trapv.o(x$fpl$trapveneer)
    __I$use$fp                               0x08004f3f   Thumb Code     0  usenofp.o(x$fpl$usenofp)
    table_week                               0x08004f3e   Data          12  rtc.o(.constdata)
    mon_table                                0x08004f4a   Data          12  rtc.o(.constdata)
    __mathlib_zero                           0x08004f90   Data           8  qnan.o(.constdata)
    Region$$Table$$Base                      0x08004f98   Number         0  anon$$obj.o(Region$$Table)
    Region$$Table$$Limit                     0x08004fb8   Number         0  anon$$obj.o(Region$$Table)
    adcTemperature                           0x20000000   Data           4  adc.o(.data)
    adcInnerTemperature                      0x20000004   Data           4  adc.o(.data)
    adcNavKey                                0x20000008   Data           2  adc.o(.data)
    adcNav                                   0x2000000a   Data           2  adc.o(.data)
    adcLight                                 0x2000000c   Data           2  adc.o(.data)
    count                                    0x20000010   Data           4  exti.o(.data)
    stopWatch_num                            0x20000014   Data           1  exti.o(.data)
    steps                                    0x20000016   Data           2  exti.o(.data)
    calories                                 0x20000018   Data           2  exti.o(.data)
    menu                                     0x2000001a   Data           1  exti.o(.data)
    page                                     0x2000001b   Data           1  exti.o(.data)
    stopPage                                 0x2000001c   Data           1  exti.o(.data)
    set                                      0x2000001d   Data           1  exti.o(.data)
    index                                    0x2000001e   Data           1  exti.o(.data)
    show_w1                                  0x2000001f   Data           1  exti.o(.data)
    show_w2                                  0x20000020   Data           1  exti.o(.data)
    show_w3                                  0x20000021   Data           1  exti.o(.data)
    segTable                                 0x20000022   Data          18  led.o(.data)
    segTablePortation                        0x20000034   Data          10  led.o(.data)
    hour                                     0x20000040   Data           1  timer.o(.data)
    minute                                   0x20000041   Data           1  timer.o(.data)
    second                                   0x20000042   Data           1  timer.o(.data)
    ten_ms                                   0x20000043   Data           1  timer.o(.data)
    second_2                                 0x20000044   Data           1  timer.o(.data)
    minute_2                                 0x20000045   Data           1  timer.o(.data)
    hour_1                                   0x20000046   Data           1  timer.o(.data)
    minute_1                                 0x20000047   Data           1  timer.o(.data)
    second_1                                 0x20000048   Data           1  timer.o(.data)
    temp_hour                                0x20000049   Data           1  timer.o(.data)
    temp_minute                              0x2000004a   Data           1  timer.o(.data)
    temp_second                              0x2000004b   Data           1  timer.o(.data)
    tag_down                                 0x2000004c   Data           1  timer.o(.data)
    Rtc_Value                                0x20000050   Data           4  timer.o(.data)
    timing_pause                             0x20000054   Data           1  timer.o(.data)
    instrNum                                 0x2000005c   Data           1  usart.o(.data)
    instrArray                               0x2000005d   Data          40  usart.o(.data)
    instrIndex                               0x20000085   Data           1  usart.o(.data)
    paraGet                                  0x20000086   Data           1  usart.o(.data)
    USART_RX_STA                             0x20000087   Data           1  usart.o(.data)
    __stdout                                 0x20000088   Data           4  usart.o(.data)
    t                                        0x2000008c   Data           1  usart.o(.data)
    len                                      0x2000008d   Data           1  usart.o(.data)
    paraNum                                  0x2000008e   Data           1  usart.o(.data)
    dest_str                                 0x20000090   Data           4  usart.o(.data)
    calendar1                                0x20000094   Data          24  timer.o(.bss)
    stopWatch                                0x200000ac   Data          15  timer.o(.bss)
    calendar                                 0x200000bc   Data          24  rtc.o(.bss)
    USART_RX_BUF                             0x200000d4   Data          64  usart.o(.bss)
    paraArray                                0x20000114   Data          20  usart.o(.bss)
    __libspace_start                         0x20000128   Data          96  libspace.o(.bss)
    __temporary_stack_top$libspace           0x20000188   Data           0  libspace.o(.bss)



==============================================================================

Memory Map of the image

  Image Entry point : 0x080000ed

  Load Region LR_IROM1 (Base: 0x08000000, Size: 0x0000504c, Max: 0x00020000, ABSOLUTE)

    Execution Region ER_IROM1 (Base: 0x08000000, Size: 0x00004fb8, Max: 0x00020000, ABSOLUTE)

    Base Addr    Size         Type   Attr      Idx    E Section Name        Object

    0x08000000   0x000000ec   Data   RO            3    RESET               stm32f10x.o
    0x080000ec   0x00000008   Code   RO          325  * !!!main             c_w.l(__main.o)(c_w.l)
    0x080000f4   0x00000034   Code   RO          589    !!!scatter          c_w.l(__scatter.o)(c_w.l)
    0x08000128   0x0000001a   Code   RO          591    !!handler_copy      c_w.l(__scatter_copy.o)(c_w.l)
    0x08000142   0x00000002   PAD
    0x08000144   0x0000001c   Code   RO          593    !!handler_zi        c_w.l(__scatter_zi.o)(c_w.l)
    0x08000160   0x00000000   Code   RO          322    .ARM.Collect$$_printf_percent$$00000000  c_w.l(_printf_percent.o)(c_w.l)
    0x08000160   0x00000006   Code   RO          321    .ARM.Collect$$_printf_percent$$00000014  c_w.l(_printf_s.o)(c_w.l)
    0x08000166   0x00000004   Code   RO          391    .ARM.Collect$$_printf_percent$$00000017  c_w.l(_printf_percent_end.o)(c_w.l)
    0x0800016a   0x00000006   Code   RO          462    .ARM.Collect$$libinit$$00000000  c_w.l(libinit.o)(c_w.l)
    0x08000170   0x00000000   Code   RO          469    .ARM.Collect$$libinit$$00000006  c_w.l(libinit2.o)(c_w.l)
    0x08000170   0x00000000   Code   RO          471    .ARM.Collect$$libinit$$00000008  c_w.l(libinit2.o)(c_w.l)
    0x08000170   0x00000000   Code   RO          473    .ARM.Collect$$libinit$$0000000A  c_w.l(libinit2.o)(c_w.l)
    0x08000170   0x00000000   Code   RO          476    .ARM.Collect$$libinit$$0000000D  c_w.l(libinit2.o)(c_w.l)
    0x08000170   0x00000000   Code   RO          478    .ARM.Collect$$libinit$$0000000F  c_w.l(libinit2.o)(c_w.l)
    0x08000170   0x00000000   Code   RO          480    .ARM.Collect$$libinit$$00000011  c_w.l(libinit2.o)(c_w.l)
    0x08000170   0x00000000   Code   RO          482    .ARM.Collect$$libinit$$00000013  c_w.l(libinit2.o)(c_w.l)
    0x08000170   0x00000000   Code   RO          484    .ARM.Collect$$libinit$$00000015  c_w.l(libinit2.o)(c_w.l)
    0x08000170   0x00000000   Code   RO          486    .ARM.Collect$$libinit$$00000017  c_w.l(libinit2.o)(c_w.l)
    0x08000170   0x00000000   Code   RO          488    .ARM.Collect$$libinit$$00000019  c_w.l(libinit2.o)(c_w.l)
    0x08000170   0x00000000   Code   RO          490    .ARM.Collect$$libinit$$0000001B  c_w.l(libinit2.o)(c_w.l)
    0x08000170   0x00000000   Code   RO          492    .ARM.Collect$$libinit$$0000001D  c_w.l(libinit2.o)(c_w.l)
    0x08000170   0x00000000   Code   RO          494    .ARM.Collect$$libinit$$0000001F  c_w.l(libinit2.o)(c_w.l)
    0x08000170   0x00000000   Code   RO          496    .ARM.Collect$$libinit$$00000021  c_w.l(libinit2.o)(c_w.l)
    0x08000170   0x00000000   Code   RO          500    .ARM.Collect$$libinit$$00000028  c_w.l(libinit2.o)(c_w.l)
    0x08000170   0x00000000   Code   RO          502    .ARM.Collect$$libinit$$0000002A  c_w.l(libinit2.o)(c_w.l)
    0x08000170   0x00000000   Code   RO          504    .ARM.Collect$$libinit$$0000002C  c_w.l(libinit2.o)(c_w.l)
    0x08000170   0x00000000   Code   RO          506    .ARM.Collect$$libinit$$0000002E  c_w.l(libinit2.o)(c_w.l)
    0x08000170   0x00000002   Code   RO          507    .ARM.Collect$$libinit$$0000002F  c_w.l(libinit2.o)(c_w.l)
    0x08000172   0x00000002   Code   RO          533    .ARM.Collect$$libshutdown$$00000000  c_w.l(libshutdown.o)(c_w.l)
    0x08000174   0x00000000   Code   RO          544    .ARM.Collect$$libshutdown$$00000003  c_w.l(libshutdown2.o)(c_w.l)
    0x08000174   0x00000000   Code   RO          547    .ARM.Collect$$libshutdown$$00000006  c_w.l(libshutdown2.o)(c_w.l)
    0x08000174   0x00000000   Code   RO          550    .ARM.Collect$$libshutdown$$00000009  c_w.l(libshutdown2.o)(c_w.l)
    0x08000174   0x00000000   Code   RO          552    .ARM.Collect$$libshutdown$$0000000B  c_w.l(libshutdown2.o)(c_w.l)
    0x08000174   0x00000000   Code   RO          555    .ARM.Collect$$libshutdown$$0000000E  c_w.l(libshutdown2.o)(c_w.l)
    0x08000174   0x00000002   Code   RO          556    .ARM.Collect$$libshutdown$$0000000F  c_w.l(libshutdown2.o)(c_w.l)
    0x08000176   0x00000000   Code   RO          383    .ARM.Collect$$rtentry$$00000000  c_w.l(rtentry.o)(c_w.l)
    0x08000176   0x00000000   Code   RO          415    .ARM.Collect$$rtentry$$00000002  c_w.l(rtentry2.o)(c_w.l)
    0x08000176   0x00000006   Code   RO          430    .ARM.Collect$$rtentry$$00000004  c_w.l(rtentry4.o)(c_w.l)
    0x0800017c   0x00000000   Code   RO          417    .ARM.Collect$$rtentry$$00000009  c_w.l(rtentry2.o)(c_w.l)
    0x0800017c   0x00000004   Code   RO          418    .ARM.Collect$$rtentry$$0000000A  c_w.l(rtentry2.o)(c_w.l)
    0x08000180   0x00000000   Code   RO          420    .ARM.Collect$$rtentry$$0000000C  c_w.l(rtentry2.o)(c_w.l)
    0x08000180   0x00000008   Code   RO          421    .ARM.Collect$$rtentry$$0000000D  c_w.l(rtentry2.o)(c_w.l)
    0x08000188   0x00000002   Code   RO          465    .ARM.Collect$$rtexit$$00000000  c_w.l(rtexit.o)(c_w.l)
    0x0800018a   0x00000000   Code   RO          513    .ARM.Collect$$rtexit$$00000002  c_w.l(rtexit2.o)(c_w.l)
    0x0800018a   0x00000004   Code   RO          514    .ARM.Collect$$rtexit$$00000003  c_w.l(rtexit2.o)(c_w.l)
    0x0800018e   0x00000006   Code   RO          515    .ARM.Collect$$rtexit$$00000004  c_w.l(rtexit2.o)(c_w.l)
    0x08000194   0x00000002   Code   RO          248    .emb_text           sys.o
    0x08000196   0x00000002   PAD
    0x08000198   0x00000034   Code   RO            4    .text               stm32f10x.o
    0x080001cc   0x00000060   Code   RO           10    .text               main.o
    0x0800022c   0x000009b4   Code   RO           80    .text               adc.o
    0x08000be0   0x00000788   Code   RO          106    .text               exti.o
    0x08001368   0x000001a0   Code   RO          140    .text               led.o
    0x08001508   0x0000053c   Code   RO          155    .text               timer.o
    0x08001a44   0x00000d58   Code   RO          174    .text               display.o
    0x0800279c   0x000000ac   Code   RO          190    .text               buzzer.o
    0x08002848   0x00000044   Code   RO          202    .text               reverse.o
    0x0800288c   0x0000048c   Code   RO          214    .text               rtc.o
    0x08002d18   0x000000a0   Code   RO          234    .text               delay.o
    0x08002db8   0x00000324   Code   RO          249    .text               sys.o
    0x080030dc   0x00000874   Code   RO          264    .text               usart.o
    0x08003950   0x00000002   Code   RO          293    .text               c_w.l(use_no_semi_2.o)(c_w.l)
    0x08003952   0x00000002   PAD
    0x08003954   0x00000018   Code   RO          297    .text               c_w.l(noretval__2printf.o)(c_w.l)
    0x0800396c   0x0000006a   Code   RO          299    .text               c_w.l(__printf.o)(c_w.l)
    0x080039d6   0x00000052   Code   RO          301    .text               c_w.l(_printf_str.o)(c_w.l)
    0x08003a28   0x00000006   Code   RO          323    .text               c_w.l(heapauxi.o)(c_w.l)
    0x08003a2e   0x00000002   Code   RO          381    .text               c_w.l(use_no_semi.o)(c_w.l)
    0x08003a30   0x00000016   Code   RO          385    .text               c_w.l(_rserrno.o)(c_w.l)
    0x08003a46   0x0000002c   Code   RO          387    .text               c_w.l(_printf_char.o)(c_w.l)
    0x08003a72   0x00000002   PAD
    0x08003a74   0x00000024   Code   RO          389    .text               c_w.l(_printf_char_file.o)(c_w.l)
    0x08003a98   0x0000000c   Code   RO          435    .text               c_w.l(rt_errno_addr_intlibspace.o)(c_w.l)
    0x08003aa4   0x00000030   Code   RO          437    .text               c_w.l(_printf_char_common.o)(c_w.l)
    0x08003ad4   0x00000008   Code   RO          439    .text               c_w.l(ferror.o)(c_w.l)
    0x08003adc   0x00000008   Code   RO          447    .text               c_w.l(libspace.o)(c_w.l)
    0x08003ae4   0x0000004a   Code   RO          450    .text               c_w.l(sys_stackheap_outer.o)(c_w.l)
    0x08003b2e   0x0000000c   Code   RO          454    .text               c_w.l(exit.o)(c_w.l)
    0x08003b3a   0x00000002   PAD
    0x08003b3c   0x0000000c   Code   RO          523    .text               c_w.l(rt_fp_status_addr_intlibspace.o)(c_w.l)
    0x08003b48   0x000000aa   Code   RO          411    i.__kernel_poly     m_ws.l(poly.o)(m_ws.l)
    0x08003bf2   0x00000002   PAD
    0x08003bf4   0x0000036c   Code   RO          372    i.log               m_ws.l(log.o)(m_ws.l)
    0x08003f60   0x00000062   Code   RO          327    x$fpl$d2f           fz_ws.l(d2f.o)(fz_ws.l)
    0x08003fc2   0x00000002   PAD
    0x08003fc4   0x0000014c   Code   RO          329    x$fpl$dadd          fz_ws.l(daddsub_clz.o)(fz_ws.l)
    0x08004110   0x00000010   Code   RO          443    x$fpl$dcheck1       fz_ws.l(dcheck1.o)(fz_ws.l)
    0x08004120   0x00000018   Code   RO          445    x$fpl$dcmpinf       fz_ws.l(dcmpi.o)(fz_ws.l)
    0x08004138   0x000002b0   Code   RO          336    x$fpl$ddiv          fz_ws.l(ddiv.o)(fz_ws.l)
    0x080043e8   0x00000078   Code   RO          392    x$fpl$deqf          fz_ws.l(deqf.o)(fz_ws.l)
    0x08004460   0x0000002e   Code   RO          340    x$fpl$dflt          fz_ws.l(dflt_clz.o)(fz_ws.l)
    0x0800448e   0x00000026   Code   RO          339    x$fpl$dfltu         fz_ws.l(dflt_clz.o)(fz_ws.l)
    0x080044b4   0x00000154   Code   RO          345    x$fpl$dmul          fz_ws.l(dmul.o)(fz_ws.l)
    0x08004608   0x0000009c   Code   RO          394    x$fpl$dnaninf       fz_ws.l(dnaninf.o)(fz_ws.l)
    0x080046a4   0x0000000c   Code   RO          396    x$fpl$dretinf       fz_ws.l(dretinf.o)(fz_ws.l)
    0x080046b0   0x00000016   Code   RO          330    x$fpl$drsb          fz_ws.l(daddsub_clz.o)(fz_ws.l)
    0x080046c6   0x00000002   PAD
    0x080046c8   0x000001d4   Code   RO          331    x$fpl$dsub          fz_ws.l(daddsub_clz.o)(fz_ws.l)
    0x0800489c   0x00000056   Code   RO          347    x$fpl$f2d           fz_ws.l(f2d.o)(fz_ws.l)
    0x080048f2   0x00000002   PAD
    0x080048f4   0x000000c4   Code   RO          349    x$fpl$fadd          fz_ws.l(faddsub_clz.o)(fz_ws.l)
    0x080049b8   0x00000184   Code   RO          356    x$fpl$fdiv          fz_ws.l(fdiv.o)(fz_ws.l)
    0x08004b3c   0x0000003e   Code   RO          359    x$fpl$ffixu         fz_ws.l(ffixu.o)(fz_ws.l)
    0x08004b7a   0x00000002   PAD
    0x08004b7c   0x00000026   Code   RO          363    x$fpl$ffltu         fz_ws.l(fflt_clz.o)(fz_ws.l)
    0x08004ba2   0x00000002   PAD
    0x08004ba4   0x00000102   Code   RO          369    x$fpl$fmul          fz_ws.l(fmul.o)(fz_ws.l)
    0x08004ca6   0x0000008c   Code   RO          398    x$fpl$fnaninf       fz_ws.l(fnaninf.o)(fz_ws.l)
    0x08004d32   0x0000000e   Code   RO          508    x$fpl$fpinit        fz_ws.l(fpinit.o)(fz_ws.l)
    0x08004d40   0x0000000a   Code   RO          400    x$fpl$fretinf       fz_ws.l(fretinf.o)(fz_ws.l)
    0x08004d4a   0x00000014   Code   RO          350    x$fpl$frsb          fz_ws.l(faddsub_clz.o)(fz_ws.l)
    0x08004d5e   0x00000002   PAD
    0x08004d60   0x000000ea   Code   RO          351    x$fpl$fsub          fz_ws.l(faddsub_clz.o)(fz_ws.l)
    0x08004e4a   0x00000064   Code   RO          463    x$fpl$retnan        fz_ws.l(retnan.o)(fz_ws.l)
    0x08004eae   0x00000060   Code   RO          405    x$fpl$scalbn        fz_ws.l(scalbn.o)(fz_ws.l)
    0x08004f0e   0x00000030   Code   RO          510    x$fpl$trapveneer    fz_ws.l(trapv.o)(fz_ws.l)
    0x08004f3e   0x00000000   Code   RO          410    x$fpl$usenofp       fz_ws.l(usenofp.o)(fz_ws.l)
    0x08004f3e   0x00000018   Data   RO          216    .constdata          rtc.o
    0x08004f56   0x00000002   PAD
    0x08004f58   0x00000038   Data   RO          373    .constdata          m_ws.l(log.o)(m_ws.l)
    0x08004f90   0x00000008   Data   RO          413    .constdata          m_ws.l(qnan.o)(m_ws.l)
    0x08004f98   0x00000020   Data   RO          587    Region$$Table       anon$$obj.o


    Execution Region RW_IRAM1 (Base: 0x20000000, Size: 0x00000388, Max: 0x00005000, ABSOLUTE)

    Base Addr    Size         Type   Attr      Idx    E Section Name        Object

    0x20000000   0x0000000e   Data   RW           81    .data               adc.o
    0x2000000e   0x00000002   PAD
    0x20000010   0x00000012   Data   RW          107    .data               exti.o
    0x20000022   0x0000001c   Data   RW          141    .data               led.o
    0x2000003e   0x00000002   PAD
    0x20000040   0x00000015   Data   RW          157    .data               timer.o
    0x20000055   0x00000001   PAD
    0x20000056   0x00000002   Data   RW          217    .data               rtc.o
    0x20000058   0x00000004   Data   RW          235    .data               delay.o
    0x2000005c   0x00000038   Data   RW          266    .data               usart.o
    0x20000094   0x00000027   Zero   RW          156    .bss                timer.o
    0x200000bb   0x00000001   PAD
    0x200000bc   0x00000018   Zero   RW          215    .bss                rtc.o
    0x200000d4   0x00000054   Zero   RW          265    .bss                usart.o
    0x20000128   0x00000060   Zero   RW          448    .bss                c_w.l(libspace.o)(c_w.l)
    0x20000188   0x00000000   Zero   RW            2    HEAP                stm32f10x.o
    0x20000188   0x00000200   Zero   RW            1    STACK               stm32f10x.o


==============================================================================

Image component sizes


      Code (inc. data)   RO Data    RW Data    ZI Data      Debug   Object Name

      2484        262          0         14          0          0   adc.o
       172         28          0          0          0          0   buzzer.o
       160          8          0          4          0          0   delay.o
      3416        186          0          0          0          0   display.o
      1928        170          0         18          0          0   exti.o
       416         54          0         28          0          0   led.o
        96          4          0          0          0          0   main.o
        68         12          0          0          0          0   reverse.o
      1164         64         24          2         24          0   rtc.o
        52         18        236          0        512          0   stm32f10x.o
       806         78          0          0          0          0   sys.o
      1340        120          0         21         39          0   timer.o
      2164        708          0         56         84          0   usart.o

    ----------------------------------------------------------------------
     14268       1712        294        148        660          0   Object Totals
         0          0         32          0          0          0   (incl. Generated)
         2          0          2          5          1          2   (incl. Padding)

    ----------------------------------------------------------------------

      Code (inc. data)   RO Data    RW Data    ZI Data      Debug   Library Member Name

         8          0          0          0          0          0   __main.o
       106          0          0          0          0          0   __printf.o
        52          8          0          0          0          0   __scatter.o
        26          0          0          0          0          0   __scatter_copy.o
        28          0          0          0          0          0   __scatter_zi.o
        44          0          0          0          0          0   _printf_char.o
        48          6          0          0          0          0   _printf_char_common.o
        36          4          0          0          0          0   _printf_char_file.o
         0          0          0          0          0          0   _printf_percent.o
         4          0          0          0          0          0   _printf_percent_end.o
         6          0          0          0          0          0   _printf_s.o
        82          0          0          0          0          0   _printf_str.o
        22          0          0          0          0          0   _rserrno.o
        12          0          0          0          0          0   exit.o
         8          0          0          0          0          0   ferror.o
         6          0          0          0          0          0   heapauxi.o
         6          0          0          0          0          0   libinit.o
         2          0          0          0          0          0   libinit2.o
         2          0          0          0          0          0   libshutdown.o
         2          0          0          0          0          0   libshutdown2.o
         8          4          0          0         96          0   libspace.o
        24          4          0          0          0          0   noretval__2printf.o
        12          4          0          0          0          0   rt_errno_addr_intlibspace.o
        12          4          0          0          0          0   rt_fp_status_addr_intlibspace.o
         0          0          0          0          0          0   rtentry.o
        12          0          0          0          0          0   rtentry2.o
         6          0          0          0          0          0   rtentry4.o
         2          0          0          0          0          0   rtexit.o
        10          0          0          0          0          0   rtexit2.o
        74          0          0          0          0          0   sys_stackheap_outer.o
         2          0          0          0          0          0   use_no_semi.o
         2          0          0          0          0          0   use_no_semi_2.o
        98          4          0          0          0          0   d2f.o
       822         16          0          0          0          0   daddsub_clz.o
        16          4          0          0          0          0   dcheck1.o
        24          0          0          0          0          0   dcmpi.o
       688        140          0          0          0          0   ddiv.o
       120          4          0          0          0          0   deqf.o
        84          0          0          0          0          0   dflt_clz.o
       340         12          0          0          0          0   dmul.o
       156          4          0          0          0          0   dnaninf.o
        12          0          0          0          0          0   dretinf.o
        86          4          0          0          0          0   f2d.o
       450          8          0          0          0          0   faddsub_clz.o
       388         76          0          0          0          0   fdiv.o
        62          4          0          0          0          0   ffixu.o
        38          0          0          0          0          0   fflt_clz.o
       258          4          0          0          0          0   fmul.o
       140          4          0          0          0          0   fnaninf.o
        14          0          0          0          0          0   fpinit.o
        10          0          0          0          0          0   fretinf.o
       100          0          0          0          0          0   retnan.o
        96          0          0          0          0          0   scalbn.o
        48          0          0          0          0          0   trapv.o
         0          0          0          0          0          0   usenofp.o
       876         58         56          0          0          0   log.o
       170          0          0          0          0          0   poly.o
         0          0          8          0          0          0   qnan.o

    ----------------------------------------------------------------------
      5782        376         64          0         96          0   Library Totals
        22          0          0          0          0          0   (incl. Padding)

    ----------------------------------------------------------------------

      Code (inc. data)   RO Data    RW Data    ZI Data      Debug   Library Name

       664         34          0          0         96       1408   c_w.l
      4050        284          0          0          0       2364   fz_ws.l
      1046         58         64          0          0        380   m_ws.l

    ----------------------------------------------------------------------
      5782        376         64          0         96          0   Library Totals

    ----------------------------------------------------------------------

==============================================================================


      Code (inc. data)   RO Data    RW Data    ZI Data      Debug   

     20050       2088        358        148        756      36080   Grand Totals
     20050       2088        358        148        756      36080   ELF Image Totals
     20050       2088        358        148          0          0   ROM Totals

==============================================================================

    Total RO  Size (Code + RO Data)                20408 (  19.93kB)
    Total RW  Size (RW Data + ZI Data)               904 (   0.88kB)
    Total ROM Size (Code + RO Data + RW Data)      20556 (  20.07kB)

==============================================================================

